Archive member included because of file (symbol)

c:/ethernut-4.3.3/build/gcc/atmega2561/lib\libnutpro.a(dhcpc.o)
                              ./source/ntp.o (NutDhcpIfConfig)
c:/ethernut-4.3.3/build/gcc/atmega2561/lib\libnutpro.a(resolv.o)
                              c:/ethernut-4.3.3/build/gcc/atmega2561/lib\libnutpro.a(dhcpc.o) (NutDnsConfig2)
c:/ethernut-4.3.3/build/gcc/atmega2561/lib\libnutpro.a(sntp.o)
                              ./source/ntp.o (NutSNTPGetTime)
c:/ethernut-4.3.3/build/gcc/atmega2561/lib\libnutnet.a(tcpsock.o)
                              ./source/StreamWork.o (NutTcpError)
c:/ethernut-4.3.3/build/gcc/atmega2561/lib\libnutnet.a(udpsock.o)
                              c:/ethernut-4.3.3/build/gcc/atmega2561/lib\libnutpro.a(dhcpc.o) (NutUdpSetSockOpt)
c:/ethernut-4.3.3/build/gcc/atmega2561/lib\libnutnet.a(route.o)
                              c:/ethernut-4.3.3/build/gcc/atmega2561/lib\libnutnet.a(tcpsock.o) (NutIpRouteQuery)
c:/ethernut-4.3.3/build/gcc/atmega2561/lib\libnutnet.a(inet.o)
                              ./source/ntp.o (inet_addr)
c:/ethernut-4.3.3/build/gcc/atmega2561/lib\libnutnet.a(ifconfig.o)
                              c:/ethernut-4.3.3/build/gcc/atmega2561/lib\libnutpro.a(dhcpc.o) (NutNetIfSetup)
c:/ethernut-4.3.3/build/gcc/atmega2561/lib\libnutnet.a(confnet.o)
                              c:/ethernut-4.3.3/build/gcc/atmega2561/lib\libnutnet.a(ifconfig.o) (NutNetSaveConfig)
c:/ethernut-4.3.3/build/gcc/atmega2561/lib\libnutnet.a(tcpout.o)
                              c:/ethernut-4.3.3/build/gcc/atmega2561/lib\libnutnet.a(tcpsock.o) (NutTcpOutput)
c:/ethernut-4.3.3/build/gcc/atmega2561/lib\libnutnet.a(tcpsm.o)
                              c:/ethernut-4.3.3/build/gcc/atmega2561/lib\libnutnet.a(tcpsock.o) (NutTcpInitStateMachine)
c:/ethernut-4.3.3/build/gcc/atmega2561/lib\libnutnet.a(tcputil.o)
                              c:/ethernut-4.3.3/build/gcc/atmega2561/lib\libnutnet.a(tcpsm.o) (IsInLimits)
c:/ethernut-4.3.3/build/gcc/atmega2561/lib\libnutnet.a(udpout.o)
                              c:/ethernut-4.3.3/build/gcc/atmega2561/lib\libnutnet.a(udpsock.o) (NutUdpOutput)
c:/ethernut-4.3.3/build/gcc/atmega2561/lib\libnutnet.a(ipcsum.o)
                              c:/ethernut-4.3.3/build/gcc/atmega2561/lib\libnutnet.a(tcpout.o) (NutIpChkSumPartial)
c:/ethernut-4.3.3/build/gcc/atmega2561/lib\libnutnet.a(ipout.o)
                              c:/ethernut-4.3.3/build/gcc/atmega2561/lib\libnutnet.a(tcpout.o) (NutIpOutput)
c:/ethernut-4.3.3/build/gcc/atmega2561/lib\libnutnet.a(arpcache.o)
                              c:/ethernut-4.3.3/build/gcc/atmega2561/lib\libnutnet.a(ipout.o) (NutArpCacheQuery)
c:/ethernut-4.3.3/build/gcc/atmega2561/lib\libnutnet.a(arpout.o)
                              c:/ethernut-4.3.3/build/gcc/atmega2561/lib\libnutnet.a(arpcache.o) (NutArpOutput)
c:/ethernut-4.3.3/build/gcc/atmega2561/lib\libnutos.a(heap.o)
                              ./source/fat.o (NutHeapAlloc)
c:/ethernut-4.3.3/build/gcc/atmega2561/lib\libnutos.a(bankmem.o)
                              ./source/StreamWork.o (NutSegBufReset)
c:/ethernut-4.3.3/build/gcc/atmega2561/lib\libnutos.a(thread.o)
                              ./source/mmc.o (GetThreadByName)
c:/ethernut-4.3.3/build/gcc/atmega2561/lib\libnutos.a(timer.o)
                              ./source/main.o (NutDelay)
c:/ethernut-4.3.3/build/gcc/atmega2561/lib\libnutos.a(event.o)
                              c:/ethernut-4.3.3/build/gcc/atmega2561/lib\libnutnet.a(tcpsm.o) (NutEventPostAsync)
c:/ethernut-4.3.3/build/gcc/atmega2561/lib\libnutos.a(devreg.o)
                              ./source/mmc.o (NutDeviceLookup)
c:/ethernut-4.3.3/build/gcc/atmega2561/lib\libnutos.a(confos.o)
                              c:/ethernut-4.3.3/build/gcc/atmega2561/lib/nutinit.o (NutSaveConfig)
c:/ethernut-4.3.3/build/gcc/atmega2561/lib\libnutdev.a(ihndlr.o)
                              ./source/main.o (NutRegisterIrqHandler)
c:/ethernut-4.3.3/build/gcc/atmega2561/lib\libnutdev.a(netbuf.o)
                              c:/ethernut-4.3.3/build/gcc/atmega2561/lib\libnutnet.a(udpsock.o) (NutNetBufAlloc)
c:/ethernut-4.3.3/build/gcc/atmega2561/lib\libnutdev.a(nvmem.o)
                              ./source/EEPROMHandler.o (NutNvMemSave)
c:/ethernut-4.3.3/build/gcc/atmega2561/lib\libnutarch.a(context_gcc.o)
                              c:/ethernut-4.3.3/build/gcc/atmega2561/lib\libnutos.a(thread.o) (NutThreadSwitch)
c:/ethernut-4.3.3/build/gcc/atmega2561/lib\libnutarch.a(ostimer.o)
                              c:/ethernut-4.3.3/build/gcc/atmega2561/lib\libnutos.a(timer.o) (NutGetTickClock)
c:/ethernut-4.3.3/build/gcc/atmega2561/lib\libnutarch.a(ih_int4.o)
                              ./source/remcon.o (sig_INTERRUPT4)
c:/ethernut-4.3.3/build/gcc/atmega2561/lib\libnutarch.a(ih_int6.o)
                              ./source/vs10xx.o (sig_INTERRUPT6)
c:/ethernut-4.3.3/build/gcc/atmega2561/lib\libnutarch.a(ih_timer0_ovf.o)
[...]
Memory Configuration

Name             Origin             Length             Attributes
text             0x00000000         0x00100000         xr
data             0x00800060         0x0000ffa0         rw !x
eeprom           0x00810000         0x00010000         rw !x
*default*        0x00000000         0xffffffff

Linker script and memory map

Address of section .data set to 0x800200
LOAD c:/winavr-20070525/bin/../lib/gcc/avr/4.1.2/../../../../avr/lib/avr6/crtm2561.o
LOAD ./source/main.o
LOAD ./source/uart0driver.o
LOAD ./source/log.o
LOAD ./source/led.o
LOAD ./source/keyboard.o
LOAD ./source/display.o
LOAD ./source/vs10xx.o
LOAD ./source/remcon.o
LOAD ./source/watchdog.o
LOAD ./source/mmc.o
LOAD ./source/spidrv.o
LOAD ./source/mmcdrv.o
LOAD ./source/fat.o
LOAD ./source/flash.o
LOAD ./source/rtc.o
LOAD ./source/lcd.o
LOAD ./source/audioMenu.o
LOAD ./source/firstsetup.o
LOAD ./source/menu.o
LOAD ./source/ntp.o
LOAD ./source/EEPROMHandler.o
LOAD ./source/alarm.o
LOAD ./source/dateTime.o
LOAD ./source/StreamWork.o
LOAD ./source/alarmMenu.o
                0x00000000                main = 0x0
LOAD c:/ethernut-4.3.3/build/gcc/atmega2561/lib/nutinit.o
LOAD c:/ethernut-4.3.3/build/gcc/atmega2561/lib\libnutpro.a
LOAD c:/ethernut-4.3.3/build/gcc/atmega2561/lib\libnutnet.a
LOAD c:/ethernut-4.3.3/build/gcc/atmega2561/lib\libnutpro.a
LOAD c:/ethernut-4.3.3/build/gcc/atmega2561/lib\libnutfs.a
LOAD c:/ethernut-4.3.3/build/gcc/atmega2561/lib\libnutos.a
LOAD c:/ethernut-4.3.3/build/gcc/atmega2561/lib\libnutdev.a
LOAD c:/ethernut-4.3.3/build/gcc/atmega2561/lib\libnutarch.a
LOAD c:/ethernut-4.3.3/build/gcc/atmega2561/lib\libnutnet.a
LOAD c:/ethernut-4.3.3/build/gcc/atmega2561/lib\libnutcrt.a
LOAD c:/ethernut-4.3.3/build/gcc/atmega2561/lib\libnutdev.a
LOAD c:/winavr-20070525/bin/../lib/gcc/avr/4.1.2/avr6\libgcc.a
LOAD c:/winavr-20070525/bin/../lib/gcc/avr/4.1.2/../../../../avr/lib/avr6\libc.a
LOAD c:/winavr-20070525/bin/../lib/gcc/avr/4.1.2/avr6\libgcc.a

.hash
 *(.hash)

.dynsym
 *(.dynsym)

.dynstr
 *(.dynstr)

.gnu.version
 *(.gnu.version)

.gnu.version_d
 *(.gnu.version_d)

.gnu.version_r
 *(.gnu.version_r)

.rel.init
 *(.rel.init)

.rela.init
 *(.rela.init)

.rel.text
 *(.rel.text)
 *(.rel.text.*)
 *(.rel.gnu.linkonce.t*)

.rela.text
 *(.rela.text)
 *(.rela.text.*)
 *(.rela.gnu.linkonce.t*)

.rel.fini
 *(.rel.fini)

.rela.fini
 *(.rela.fini)

.rel.rodata
 *(.rel.rodata)
 *(.rel.rodata.*)
 *(.rel.gnu.linkonce.r*)

.rela.rodata
 *(.rela.rodata)
 *(.rela.rodata.*)
 *(.rela.gnu.linkonce.r*)

.rel.data
 *(.rel.data)
 *(.rel.data.*)
 *(.rel.gnu.linkonce.d*)

.rela.data
 *(.rela.data)
 *(.rela.data.*)
 *(.rela.gnu.linkonce.d*)

.rel.ctors
 *(.rel.ctors)

.rela.ctors
 *(.rela.ctors)

.rel.dtors
 *(.rel.dtors)

.rela.dtors
 *(.rela.dtors)

.rel.got
 *(.rel.got)

.rela.got
 *(.rela.got)

.rel.bss
 *(.rel.bss)

.rela.bss
 *(.rela.bss)

.rel.plt
 *(.rel.plt)

.rela.plt
 *(.rela.plt)

.text           0x00000000    0x13b94
 *(.vectors)
 .vectors       0x00000000       0xcc c:/winavr-20070525/bin/../lib/gcc/avr/4.1.2/../../../../avr/lib/avr6/crtm2561.o
                0x00000000                __vectors
                0x00000000                __vector_default
 *(.vectors)
 *(.progmem.gcc*)
 .progmem.gcc_sw_table
                0x000000cc       0x28 c:/ethernut-4.3.3/build/gcc/atmega2561/lib\libnutarch.a(uartavr.o)
 *(.progmem*)
 .progmem.data  0x000000f4       0x2e ./source/main.o
 .progmem.data  0x00000122        0x8 ./source/uart0driver.o
 .progmem.data  0x0000012a       0xea ./source/log.o
 .progmem.data  0x00000214      0x541 ./source/vs10xx.o
                0x00000214                dtab
 .progmem.data  0x00000755       0x8d ./source/mmc.o
 .progmem.data  0x000007e2        0xe ./source/spidrv.o
 .progmem.data  0x000007f0       0x16 ./source/mmcdrv.o
 .progmem.data  0x00000806       0x12 c:/ethernut-4.3.3/build/gcc/atmega2561/lib\libnutarch.a(nicrtl.o)
                0x00000818                . = ALIGN (0x2)
                0x00000818                __trampolines_start = .
 *(.trampolines)
 .trampolines   0x00000818        0x0 linker stubs
 *(.trampolines*)
                0x00000818                __trampolines_end = .
 *(.jumptables)
 *(.jumptables*)
 *(.lowtext)
 *(.lowtext*)
                0x00000818                __ctors_start = .
 *(.ctors)
                0x00000818                __ctors_end = .
                0x00000818                __dtors_start = .
 *(.dtors)
                0x00000818                __dtors_end = .
 SORT(*)(.ctors)
 SORT(*)(.dtors)
 *(.init0)
 .init0         0x000009ac        0x0 c:/winavr-20070525/bin/../lib/gcc/avr/4.1.2/../../../../avr/lib/avr6/crtm2561.o
                0x000009ac                __init
 *(.init0)
 *(.init1)
 .init1         0x000009ac       0x54 c:/ethernut-4.3.3/build/gcc/atmega2561/lib/nutinit.o
 *(.init1)
 *(.init2)
 .init2         0x00000a00        0xc c:/winavr-20070525/bin/../lib/gcc/avr/4.1.2/../../../../avr/lib/avr6/crtm2561.o
 *(.init2)
 *(.init3)
 *(.init3)
 *(.init4)
 .init4         0x00000a0c       0x1a c:/winavr-20070525/bin/../lib/gcc/avr/4.1.2/../../../../avr/lib/avr6/crtm2561.o
                0x00000a0c                __do_copy_data
 .init4         0x00000a26       0x10 c:/winavr-20070525/bin/../lib/gcc/avr/4.1.2/avr6\libgcc.a(_clear_bss.o)
                0x00000a26                __do_clear_bss
 *(.init4)
 *(.init5)
 .init5         0x00000a36       0x26 c:/ethernut-4.3.3/build/gcc/atmega2561/lib/nutinit.o
 *(.init5)
 *(.init6)
 *(.init6)
 *(.init7)
 *(.init7)
 *(.init8)
 .init8         0x00000a5c       0x2c c:/ethernut-4.3.3/build/gcc/atmega2561/lib/nutinit.o
                0x00000a5c                NutInit
 *(.init8)
 *(.init9)
 .init9         0x00000a88        0x8 c:/winavr-20070525/bin/../lib/gcc/avr/4.1.2/../../../../avr/lib/avr6/crtm2561.o
 *(.init9)
 *(.text)
 .text          0x00000a90        0x4 c:/winavr-20070525/bin/../lib/gcc/avr/4.1.2/../../../../avr/lib/avr6/crtm2561.o
                0x00000a90                __vector_22
                0x00000a90                __vector_28
                0x00000a90                __vector_1
                0x00000a90                __vector_32
                0x00000a90                __vector_34
                0x00000a90                __vector_24
                0x00000a90                __vector_12
                0x00000a90                __vector_46
                0x00000a90                __bad_interrupt
                0x00000a90                __vector_31
                0x00000a90                __vector_35
                0x00000a90                __vector_3
                0x00000a90                __vector_30
                0x00000a90                __vector_45
                0x00000a90                __vector_11
                0x00000a90                __vector_17
                0x00000a90                __vector_19
                0x00000a90                __vector_49
                0x00000a90                __vector_41
                0x00000a90                __vector_43
                0x00000a90                __vector_33
                0x00000a90                __vector_47
                0x00000a90                __vector_37
                0x00000a90                __vector_4
                0x00000a90                __vector_44
                0x00000a90                __vector_9
                0x00000a90                __vector_2
                0x00000a90                __vector_21
                0x00000a90                __vector_15
                0x00000a90                __vector_29
                0x00000a90                __vector_40
                0x00000a90                __vector_8
                0x00000a90                __vector_26
                0x00000a90                __vector_48
                0x00000a90                __vector_14
                0x00000a90                __vector_10
                0x00000a90                __vector_50
                0x00000a90                __vector_16
                0x00000a90                __vector_18
                0x00000a90                __vector_20
                0x00000a90                __vector_42
 .text          0x00000a94      0x49e ./source/main.o
                0x00000da8                AlarmCheckerThread
                0x00000efe                AlarmBeep
                0x00000ace                NutAppMain
                0x00000d32                RefreshSceenThread
                0x00000a94                SysInitIO
                0x00000d86                StreamMusic
                0x00000e3e                ButtonHandlerThread
                0x00000d5c                TimeSyncThread
                0x00000c76                SleepMode
 .text          0x00000f32      0x11c ./source/uart0driver.o
                0x00001036                Uart0DriverInit
                0x00000f3c                Uart0DriverStop
                0x00000f32                Uart0DriverGetStream
                0x00000f56                Uart0DriverSetCookedMode
                0x00000f9e                Uart0DriverStart
 .text          0x0000104e      0x44a ./source/log.o
                0x00001468                LogClose
                0x00001060                HexDump
                0x0000120c                LogMsg_P
                0x0000147e                LogOpen
                0x000011f2                LogChar_P
                0x0000148c                LogInit
                0x0000104e                LogSetLevel
 .text          0x00001498       0x50 ./source/led.o
                0x00001498                LedControl
                0x000014e0                LedGetStatus
                0x000014d8                LedInit
 .text          0x000014e8      0x234 ./source/keyboard.o
                0x00001694                KbInit
                0x000016fe                KbWaitForKeyEvent
                0x0000165a                KbGetKey
                0x000014e8                KbScan
                0x00001642                KbSetKeyRepeating
                0x00001662                KbInjectKey
 .text          0x0000171c      0x102 ./source/display.o
                0x0000179a                LcdChar
                0x0000180e                ClearLcd
                0x00001762                LcdWriteByte
                0x0000171c                LcdBackLight
                0x000017a4                LcdLowLevelInit
 .text          0x0000181e      0x6ee ./source/vs10xx.o
                0x00001868                VsGetStatus
                0x00001a4e                VsBeepStart
                0x00001bdc                VsRegInfo
                0x00001848                VsPlayerStop
                0x00001eac                VsMemoryTest
                0x00001bb6                VsGetVolume
                0x0000181e                VsPlayerInterrupts
                0x00001b2a                VsPlayerReset
                0x000019b8                VsPlayerSetMode
                0x000019e4                VsBeepStartRaw
                0x00001a6e                VsBeep
                0x00001e22                VsPlayerKick
                0x0000187a                VsGetTypeHex
                0x00001c04                VsStreamValid
                0x00001c88                VsPlayerInit
                0x00001926                VsRegWrite
                0x00001978                VsSetVolume
                0x000018be                VsBeepStop
                0x00001870                VsGetType
 .text          0x00001f0c       0x4c ./source/remcon.o
                0x00001f0e                RcInit
 .text          0x00001f58       0xec ./source/watchdog.o
                0x00001fe6                WatchDogRestart
                0x0000200a                WatchDogEnable
                0x00001fea                WatchDogDisable
                0x00001f58                WatchDogStart
 .text          0x00002044      0x2d8 ./source/mmc.o
                0x00002044                CardCheckCard
                0x000020e2                CardCheckPresent
                0x000020f4                CardClose
                0x000020f6                CardInit
                0x00002176                CardInitCard
                0x000022a4                CardPresent
                0x000020ea                CardStatus
 .text          0x0000231c       0xc2 ./source/spidrv.o
                0x00002332                SPIputByte
                0x0000235a                SPIinit
                0x0000233c                SPIgetByte
                0x0000232a                SPIgetmode
                0x0000234c                SPItransferByte
                0x00002362                SPIselect
                0x0000231c                SPIdeselect
                0x00002324                SPImode
 .text          0x000023de      0x708 ./source/mmcdrv.o
                0x00002a48                MMCInit
                0x000023ea                MMCUnMountDevice
                0x00002766                MMCReadSectors
                0x000023de                MMCIsCDROMDevice
                0x00002564                MMCWriteSectors
                0x000028b0                MMCGetSectorSize
                0x000023e4                MMCIsZIPDevice
                0x000028dc                MMCMountAllDevices
                0x00002874                MMCGetTotalSectors
 .text          0x00002ae6     0x1616 ./source/fat.o
                0x00003708                FATIOCtl
                0x00003082                FATFree
                0x00002ae6                FATRelease
                0x0000309e                FATFileRead
                0x00003078                FATSemaInit
                0x0000308c                FATLock
                0x0000330e                FATFileSize
 .text          0x000040fc      0x3c2 ./source/flash.o
                0x000040fc                At45dbChipErase
                0x00004212                At45dbInit
                0x000041ac                At45dbGetStatus
                0x00004386                At45dbPageWrite
                0x00004486                At45dbPageErase
                0x0000428a                At45dbWaitReady
                0x000042ea                At45dbSendCmd
                0x00004440                At45dbPageRead
 .text          0x000044be      0xa72 ./source/rtc.o
                0x000044f4                X12EepromRead
                0x000046a2                X12RtcGetClock
                0x00004dd8                X12RtcSetClock
                0x0000456e                X12RtcReadRegs
                0x00004a84                X12RtcSetAlarm
                0x000044be                X12RtcClearStatus
                0x000045e4                X12RtcGetStatus
                0x0000466a                X12Init
                0x00004a0c                X12RtcWrite
                0x00004be4                X12RtcGetAlarm
                0x0000490a                X12EepromWrite
 .text          0x00004f30      0x26c ./source/lcd.o
                0x00005000                updateScreenBackLight
                0x0000509c                printString
                0x00004f3a                printCustomCharacter
                0x0000518e                initLCD
                0x00004f40                createCustomChar
                0x00005168                clearLine
                0x00004fbe                setCursorPos
                0x00005058                setBackLight
                0x00004fdc                setAmountOfAlarm
                0x0000508c                clearScreen
                0x00004f30                setScreenOnPeriod
 .text          0x0000519c      0x4a4 ./source/audioMenu.o
                0x000051aa                exitReady
                0x000054b0                bassMenu
                0x000052e2                leftRightMenu
                0x00005552                volumeMenu
                0x0000519c                initAudioMenu
                0x000051c4                audioMenuState
 .text          0x00005640       0xc0 ./source/firstsetup.o
                0x00005640                changeUtcUp
                0x0000565a                changeUtcDown
                0x000056fa                initFirstTime
                0x00005676                drawUTC
 .text          0x00005700      0x386 ./source/menu.o
                0x000058a0                alarmeringMenu
                0x0000576e                reset
                0x0000577c                audioMenuItem
                0x00005702                snoozeMenu
                0x00005700                alarmGaatAfMenu
                0x000057b4                getMenuItem
                0x00005832                settingsMenu
                0x00005732                scrollMenuRight
                0x000059a0                initMenu
                0x0000593c                setupMenu
                0x00005704                goIntoScrollMenu
                0x0000581e                refresh
                0x000058e0                klokMenu
                0x00005750                scrollMenuLeft
                0x000059f4                scrollMenu
 .text          0x00005a86      0x23e ./source/ntp.o
                0x00005b4c                RetrieveTime
                0x00005a86                initNTP
                0x00005c42                RegisterDevice
                0x00005ac4                PrintTime
 .text          0x00005cc4      0x236 ./source/EEPROMHandler.o
                0x00005da6                saveEEPROM
                0x00005e42                readEEPROM
                0x00005e30                resetEEPROM
                0x00005cc4                checkEEPROM
 .text          0x00005efa      0x550 ./source/alarm.o
                0x00005f04                setVolume
                0x00005efa                turnOffAlarm
                0x0000635a                setHardcodedAlarm
                0x00005f0c                setStream
                0x00005f0e                getVariableAlarm
                0x00006060                setVariableAlarm
                0x00006076                CheckAlarm1
                0x0000627e                setAlarm
                0x00005f6a                snoozeAlarm
                0x00006148                CheckAlarm2
                0x00006438                initAlarms
                0x000062d4                getHardcodedAlarm
 .text          0x0000644a      0x31c ./source/dateTime.o
                0x00006450                drawDateTimeComplete
                0x00006758                dateTimeInit
                0x0000644a                getDateTime
                0x00006752                setDateTime
                0x00006578                drawDateTime
 .text          0x00006766      0x9e6 ./source/StreamWork.o
                0x00006888                ProcessMetaData
                0x00006d68                ConfigureLan
                0x00006ba2                ConnectStation
                0x00006766                stopStream
                0x00006774                getLeftRightBalance
                0x0000680a                alarmBeep
                0x00006fa8                startStream
                0x000067f0                setLeftRightBalance
                0x00006986                PlayMp3Stream
                0x000067a6                setGVolume
                0x00006792                setBassEnhancer
 .text          0x0000714c      0x7b4 ./source/alarmMenu.o
                0x000071aa                alarmInput
                0x0000714c                getDay
                0x000074d4                drawAlarm
 .text          0x00007900       0x58 c:/ethernut-4.3.3/build/gcc/atmega2561/lib/nutinit.o
                0x00007906                NutIdle
                0x00007900                NutThreadSetSleepMode
 .text          0x00007958     0x18b0 c:/ethernut-4.3.3/build/gcc/atmega2561/lib\libnutpro.a(dhcpc.o)
                0x00007a9a                NutDhcpRelease
                0x0000799e                NutDhcpIsConfigured
                0x0000798c                NutDhcpError
                0x00007984                NutDhcpStatus
                0x00007bdc                NutDhcpIfConfig
                0x00007a70                NutDhcpInform
                0x000084c0                NutDhcpClient
 .text          0x00009208      0x7f4 c:/ethernut-4.3.3/build/gcc/atmega2561/lib\libnutpro.a(resolv.o)
                0x000093fa                NutDnsGetResource
                0x0000923c                NutGetDnsServers
                0x000099e8                NutDnsGetMxByDomain
                0x000099f2                NutDnsGetHostByName
                0x000093de                NutDnsConfig
                0x0000930a                NutDnsConfig2
 .text          0x000099fc      0x2ba c:/ethernut-4.3.3/build/gcc/atmega2561/lib\libnutpro.a(sntp.o)
                0x00009c00                SNTP_resync
                0x00009a72                NutSNTPGetTime
                0x000099fc                NutSNTPStartThread
 .text          0x00009cb6      0xab0 c:/ethernut-4.3.3/build/gcc/atmega2561/lib\libnutnet.a(tcpsock.o)
                0x00009e6e                NutTcpDiscardBuffers
                0x00009e14                NutTcpDeviceIOCtl
                0x00009cb6                NutTcpFindSocket
                0x0000a1e6                NutTcpDeviceWrite
                0x0000a3de                NutTcpCloseSocket
                0x00009ed2                NutTcpReceive
                0x0000a5ce                NutTcpDestroySocket
                0x0000a0ae                NutTcpSend
                0x0000a3fc                NutTcpSetSockOpt
                0x0000a63e                NutTcpConnect
                0x00009dfe                NutTcpError
                0x0000a378                NutTcpDeviceWrite_P
                0x00009d34                NutTcpGetSockOpt
                0x0000a50a                NutTcpCreateSocket
                0x0000a62c                NutTcpAccept
                0x0000a0a8                NutTcpDeviceRead
 .text          0x0000a766      0x2ba c:/ethernut-4.3.3/build/gcc/atmega2561/lib\libnutnet.a(udpsock.o)
                0x0000a7be                NutUdpGetSockOpt
                0x0000a94c                NutUdpReceiveFrom
                0x0000a7f4                NutUdpDestroySocket
                0x0000a766                NutUdpFindSocket
                0x0000a84c                NutUdpSendTo
                0x0000a790                NutUdpSetSockOpt
                0x0000a8ce                NutUdpCreateSocket
 .text          0x0000aa20      0x33a c:/ethernut-4.3.3/build/gcc/atmega2561/lib\libnutnet.a(route.o)
                0x0000ad0e                NutIpRouteDelAll
                0x0000abe4                NutIpRouteList
                0x0000ac4e                NutIpRouteDel
                0x0000aab4                NutIpRouteQuery
                0x0000aaf6                NutIpRouteAdd
 .text          0x0000ad5a      0x184 c:/ethernut-4.3.3/build/gcc/atmega2561/lib\libnutnet.a(inet.o)
                0x0000ad5a                inet_addr
                0x0000ae06                inet_ntoa
 .text          0x0000aede      0x36c c:/ethernut-4.3.3/build/gcc/atmega2561/lib\libnutnet.a(ifconfig.o)
                0x0000b0d4                NutNetIfConfig2
                0x0000aede                NutNetIfSetup
                0x0000b21e                NutNetIfConfig
 .text          0x0000b24a       0x84 c:/ethernut-4.3.3/build/gcc/atmega2561/lib\libnutnet.a(confnet.o)
                0x0000b24a                NutNetSaveConfig
                0x0000b270                NutNetLoadConfig
 .text          0x0000b2ce      0x49c c:/ethernut-4.3.3/build/gcc/atmega2561/lib\libnutnet.a(tcpout.o)
                0x0000b2ce                NutTcpReject
                0x0000b3fe                NutTcpOutput
 .text          0x0000b76a     0x1146 c:/ethernut-4.3.3/build/gcc/atmega2561/lib\libnutnet.a(tcpsm.o)
                0x0000bb5e                NutTcpStatePassiveOpenEvent
                0x0000b7c8                NutTcpInitStateMachine
                0x0000bef2                NutTcpSm
                0x0000b76a                NutTcpAbortSocket
                0x0000bc78                NutTcpStateRetranTimeout
                0x0000bb24                NutTcpStateActiveOpenEvent
                0x0000c852                NutTcpStateCloseEvent
                0x0000b8be                NutTcpStateWindowEvent
                0x0000b800                NutTcpStateMachine
 .text          0x0000c8b0       0xc8 c:/ethernut-4.3.3/build/gcc/atmega2561/lib\libnutnet.a(tcputil.o)
                0x0000c90a                NutTcpCalcRtt
                0x0000c8b0                IsInLimits
 .text          0x0000c978      0x132 c:/ethernut-4.3.3/build/gcc/atmega2561/lib\libnutnet.a(udpout.o)
                0x0000c978                NutUdpOutput
 .text          0x0000caaa       0xde c:/ethernut-4.3.3/build/gcc/atmega2561/lib\libnutnet.a(ipcsum.o)
                0x0000cb1a                NutIpChkSum
                0x0000caaa                NutIpChkSumPartial
                0x0000cb24                NutIpPseudoChkSumPartial
 .text          0x0000cb88      0x292 c:/ethernut-4.3.3/build/gcc/atmega2561/lib\libnutnet.a(ipout.o)
                0x0000cb88                NutIpOutput
 .text          0x0000ce1a      0x3e0 c:/ethernut-4.3.3/build/gcc/atmega2561/lib\libnutnet.a(arpcache.o)
                0x0000cffe                NutArpCacheQuery
                0x0000cf9c                NutArpCacheUpdate
 .text          0x0000d1fa      0x112 c:/ethernut-4.3.3/build/gcc/atmega2561/lib\libnutnet.a(arpout.o)
                0x0000d258                NutArpAllocNetBuf
                0x0000d1fa                NutArpOutput
 .text          0x0000d30c      0x202 c:/ethernut-4.3.3/build/gcc/atmega2561/lib\libnutos.a(heap.o)
                0x0000d4da                NutHeapAvailable
                0x0000d3f2                NutHeapFree
                0x0000d30c                NutHeapAlloc
                0x0000d4cc                NutHeapAdd
                0x0000d4e4                NutHeapAllocClear
 .text          0x0000d50e      0x436 c:/ethernut-4.3.3/build/gcc/atmega2561/lib\libnutos.a(bankmem.o)
                0x0000d64c                NutSegBufWriteCommit
                0x0000d8ec                NutSegBufUsed
                0x0000d790                NutSegBufWriteLast
                0x0000d50e                NutSegBufReset
                0x0000d8fe                NutBufRemovePage
                0x0000d582                NutSegBufWriteRequest
                0x0000d6dc                NutSegBufReadCommit
                0x0000d5da                NutSegBufReadRequest
                0x0000d8c2                NutSegBufAvailable
                0x0000d816                NutSegBufReadLast
                0x0000d54c                NutSegBufInit
 .text          0x0000d944      0x308 c:/ethernut-4.3.3/build/gcc/atmega2561/lib\libnutos.a(thread.o)
                0x0000da56                NutThreadWake
                0x0000db14                NutThreadSetPriority
                0x0000daaa                NutThreadDestroy
                0x0000db8a                NutThreadExit
                0x0000d9e0                NutThreadRemoveQueue
                0x0000d944                NutThreadAddPriQueue
                0x0000db92                NutThreadResume
                0x0000dac8                NutThreadKill
                0x0000dc1c                NutThreadYield
                0x0000da6c                GetThreadByName
 .text          0x0000dc4c      0x68c c:/ethernut-4.3.3/build/gcc/atmega2561/lib\libnutos.a(timer.o)
                0x0000dca8                NutDelay
                0x0000decc                NutSleep
                0x0000ddce                NutGetTickCount
                0x0000dea6                NutTimerStart
                0x0000e0b0                NutTimerProcessElapsed
                0x0000dd4e                NutTimerStop
                0x0000e1c8                NutTimerInit
                0x0000df78                NutGetMillis
                0x0000e070                NutGetSeconds
                0x0000dc74                NutMicroDelay
                0x0000dcc4                NutTimerInsert
                0x0000de88                NutTimerStartTicks
                0x0000ddea                NutTimerCreate
 .text          0x0000e2d8      0x2b8 c:/ethernut-4.3.3/build/gcc/atmega2561/lib\libnutos.a(event.o)
                0x0000e3e0                NutEventBroadcast
                0x0000e49c                NutEventWait
                0x0000e376                NutEventBroadcastAsync
                0x0000e56e                NutEventWaitNext
                0x0000e2d8                NutEventPostAsync
                0x0000e3f6                NutEventPost
                0x0000e40c                NutEventTimeout
 .text          0x0000e590       0x90 c:/ethernut-4.3.3/build/gcc/atmega2561/lib\libnutos.a(devreg.o)
                0x0000e5c8                NutRegisterDevice
                0x0000e590                NutDeviceLookup
 .text          0x0000e620       0x6a c:/ethernut-4.3.3/build/gcc/atmega2561/lib\libnutos.a(confos.o)
                0x0000e652                NutLoadConfig
                0x0000e620                NutSaveConfig
 .text          0x0000e68a      0x18c c:/ethernut-4.3.3/build/gcc/atmega2561/lib\libnutdev.a(ihndlr.o)
                0x0000e68a                CallHandler
                0x0000e7a2                NutIrqSetMode
                0x0000e6e6                NutIrqEnable
                0x0000e70a                NutIrqDisable
                0x0000e72e                NutIrqSetPriority
                0x0000e6a6                NutRegisterIrqHandler
 .text          0x0000e816      0x310 c:/ethernut-4.3.3/build/gcc/atmega2561/lib\libnutdev.a(netbuf.o)
                0x0000e86c                NutNetBufAlloc
                0x0000ea2a                NutNetBufClone
                0x0000e9fc                NutNetBufFree
 .text          0x0000eb26        0xc c:/ethernut-4.3.3/build/gcc/atmega2561/lib\libnutdev.a(nvmem.o)
                0x0000eb2c                NutNvMemLoad
                0x0000eb26                NutNvMemSave
 .text          0x0000eb32      0x1cc c:/ethernut-4.3.3/build/gcc/atmega2561/lib\libnutarch.a(context_gcc.o)
                0x0000ebc0                NutThreadCreate
                0x0000eb76                thread_start
                0x0000eb42                NutThreadSwitch
 .text          0x0000ecfe       0x96 c:/ethernut-4.3.3/build/gcc/atmega2561/lib\libnutarch.a(ostimer.o)
                0x0000ed10                NutGetTickClock
                0x0000ed1a                NutRegisterTimer
                0x0000ed64                NutTimerMillisToTicks
                0x0000ecfe                NutGetCpuClock
 .text          0x0000ed94      0x178 c:/ethernut-4.3.3/build/gcc/atmega2561/lib\libnutarch.a(ih_int4.o)
                0x0000eec0                __vector_5
 .text          0x0000ef0c      0x178 c:/ethernut-4.3.3/build/gcc/atmega2561/lib\libnutarch.a(ih_int6.o)
                0x0000f038                __vector_7
 .text          0x0000f084       0xec c:/ethernut-4.3.3/build/gcc/atmega2561/lib\libnutarch.a(ih_timer0_ovf.o)
                0x0000f124                __vector_23
 .text          0x0000f170       0xec c:/ethernut-4.3.3/build/gcc/atmega2561/lib\libnutarch.a(ih_timer2_comp.o)
                0x0000f210                __vector_13
 .text          0x0000f25c      0x112 c:/ethernut-4.3.3/build/gcc/atmega2561/lib\libnutarch.a(debug0.o)
 .text          0x0000f36e        0x0 c:/ethernut-4.3.3/build/gcc/atmega2561/lib\libnutarch.a(uart0.o)
 .text          0x0000f36e      0xaee c:/ethernut-4.3.3/build/gcc/atmega2561/lib\libnutarch.a(uartavr.o)
                0x0000fcf4                UartAvrWrite_P
                0x0000fd04                UartAvrWrite
                0x0000f50c                UartAvrOpen
                0x0000fa42                UartAvrInit
                0x0000fb52                UartAvrFlush
                0x0000f4e0                UartAvrSize
                0x0000f502                UartAvrClose
                0x0000fba4                UartAvrPut
                0x0000fd70                UartAvrRead
                0x0000f5bc                UartAvrIOCtl
                0x0000f45a                UartAvrOutput
                0x0000fd14                UartAvrInput
 .text          0x0000fe5c        0x0 c:/ethernut-4.3.3/build/gcc/atmega2561/lib\libnutarch.a(eth0rtl.o)
 .text          0x0000fe5c      0x9ba c:/ethernut-4.3.3/build/gcc/atmega2561/lib\libnutarch.a(twif.o)
                0x000106d6                TwMasterTransact
                0x000104ce                TwInit
                0x00010552                TwSlaveRespond
                0x00010614                TwSlaveListen
                0x00010312                TwMasterError
                0x0001032a                TwIOCtl
                0x0001031e                TwSlaveError
 .text          0x00010816       0x60 c:/ethernut-4.3.3/build/gcc/atmega2561/lib\libnutarch.a(eeprom.o)
                0x00010816                OnChipNvMemSave
                0x00010856                OnChipNvMemLoad
 .text          0x00010876       0xf4 c:/ethernut-4.3.3/build/gcc/atmega2561/lib\libnutarch.a(ih_twi.o)
                0x0001091e                __vector_39
 .text          0x0001096a       0xf4 c:/ethernut-4.3.3/build/gcc/atmega2561/lib\libnutarch.a(ih_usart0_rx.o)
                0x00010a12                __vector_25
 .text          0x00010a5e       0xf6 c:/ethernut-4.3.3/build/gcc/atmega2561/lib\libnutarch.a(ih_usart0_tx.o)
                0x00010b08                __vector_27
 .text          0x00010b54       0xf4 c:/ethernut-4.3.3/build/gcc/atmega2561/lib\libnutarch.a(ih_usart1_rx.o)
                0x00010bfc                __vector_36
 .text          0x00010c48       0xf6 c:/ethernut-4.3.3/build/gcc/atmega2561/lib\libnutarch.a(ih_usart1_tx.o)
                0x00010cf2                __vector_38
 .text          0x00010d3e      0x79a c:/ethernut-4.3.3/build/gcc/atmega2561/lib\libnutarch.a(nicrtl.o)
                0x0001112a                NicInit
                0x000112f6                NicRx
                0x000111d4                NicOutput
 .text          0x000114d8      0x172 c:/ethernut-4.3.3/build/gcc/atmega2561/lib\libnutarch.a(ih_int5.o)
                0x000115fe                __vector_6
 .text          0x0001164a       0x5c c:/ethernut-4.3.3/build/gcc/atmega2561/lib\libnutnet.a(ethin.o)
                0x0001164a                NutEtherInput
 .text          0x000116a6       0xb6 c:/ethernut-4.3.3/build/gcc/atmega2561/lib\libnutnet.a(ethout.o)
                0x000116a6                NutEtherOutput
 .text          0x0001175c      0x1ec c:/ethernut-4.3.3/build/gcc/atmega2561/lib\libnutnet.a(ipin.o)
                0x00011766                NutIpInput
                0x0001175c                NutIpSetInputFilter
 .text          0x00011948       0xd4 c:/ethernut-4.3.3/build/gcc/atmega2561/lib\libnutnet.a(icmpin.o)
                0x00011948                NutIcmpInput
 .text          0x00011a1c      0x186 c:/ethernut-4.3.3/build/gcc/atmega2561/lib\libnutnet.a(icmpout.o)
                0x00011a1c                NutIcmpOutput
                0x00011a84                NutIcmpReply
                0x00011af8                NutIcmpResponse
 .text          0x00011ba2       0x30 c:/ethernut-4.3.3/build/gcc/atmega2561/lib\libnutnet.a(igmpin.o)
                0x00011ba2                NutIgmpInput
 .text          0x00011bd2       0xd2 c:/ethernut-4.3.3/build/gcc/atmega2561/lib\libnutnet.a(arpin.o)
                0x00011bd2                NutArpInput
 .text          0x00011ca4       0x66 c:/ethernut-4.3.3/build/gcc/atmega2561/lib\libnutnet.a(tcpin.o)
                0x00011ca4                NutTcpInput
 .text          0x00011d0a       0xe8 c:/ethernut-4.3.3/build/gcc/atmega2561/lib\libnutnet.a(udpin.o)
                0x00011d0a                NutUdpInput
 .text          0x00011df2       0x2c c:/ethernut-4.3.3/build/gcc/atmega2561/lib\libnutcrt.a(close.o)
                0x00011df2                _close
 .text          0x00011e1e       0x24 c:/ethernut-4.3.3/build/gcc/atmega2561/lib\libnutcrt.a(ioctl.o)
                0x00011e1e                _ioctl
 .text          0x00011e42       0xb0 c:/ethernut-4.3.3/build/gcc/atmega2561/lib\libnutcrt.a(open.o)
                0x00011e42                _open
 .text          0x00011ef2       0x80 c:/ethernut-4.3.3/build/gcc/atmega2561/lib\libnutcrt.a(fclose.o)
                0x00011ef2                fclose
 .text          0x00011f72       0xa2 c:/ethernut-4.3.3/build/gcc/atmega2561/lib\libnutcrt.a(fdopen.o)
                0x00011f72                _fdopen
 .text          0x00012014       0x22 c:/ethernut-4.3.3/build/gcc/atmega2561/lib\libnutcrt.a(fflush.o)
                0x00012014                fflush
 .text          0x00012036        0x8 c:/ethernut-4.3.3/build/gcc/atmega2561/lib\libnutcrt.a(fileno.o)
                0x00012036                _fileno
 .text          0x0001203e       0x58 c:/ethernut-4.3.3/build/gcc/atmega2561/lib\libnutcrt.a(fmode.o)
                0x0001203e                _fmode
 .text          0x00012096       0xb8 c:/ethernut-4.3.3/build/gcc/atmega2561/lib\libnutcrt.a(fopen.o)
                0x00012096                fopen
 .text          0x0001214e       0xd6 c:/ethernut-4.3.3/build/gcc/atmega2561/lib\libnutcrt.a(freopen.o)
                0x0001214e                freopen
 .text          0x00012224       0x56 c:/ethernut-4.3.3/build/gcc/atmega2561/lib\libnutcrt.a(fgets.o)
                0x00012224                fgets
 .text          0x0001227a       0x92 c:/ethernut-4.3.3/build/gcc/atmega2561/lib\libnutcrt.a(fread.o)
                0x0001227a                fread
 .text          0x0001230c       0x3c c:/ethernut-4.3.3/build/gcc/atmega2561/lib\libnutcrt.a(fprintf.o)
                0x0001230c                fprintf
 .text          0x00012348       0x50 c:/ethernut-4.3.3/build/gcc/atmega2561/lib\libnutcrt.a(fputc.o)
                0x00012348                fputc
 .text          0x00012398       0x22 c:/ethernut-4.3.3/build/gcc/atmega2561/lib\libnutcrt.a(fputs.o)
                0x00012398                fputs
 .text          0x000123ba       0x40 c:/ethernut-4.3.3/build/gcc/atmega2561/lib\libnutcrt.a(printf.o)
                0x000123ba                printf
 .text          0x000123fa        0xe c:/ethernut-4.3.3/build/gcc/atmega2561/lib\libnutcrt.a(putchar.o)
                0x000123fa                putchar
 .text          0x00012408       0x2e c:/ethernut-4.3.3/build/gcc/atmega2561/lib\libnutcrt.a(puts.o)
                0x00012408                puts
 .text          0x00012436       0x16 c:/ethernut-4.3.3/build/gcc/atmega2561/lib\libnutcrt.a(vfprintf.o)
                0x00012436                vfprintf
 .text          0x0001244c       0x28 c:/ethernut-4.3.3/build/gcc/atmega2561/lib\libnutcrt.a(fputs_p.o)
                0x0001244c                fputs_P
 .text          0x00012474       0x72 c:/ethernut-4.3.3/build/gcc/atmega2561/lib\libnutcrt.a(vfprintf_p.o)
                0x00012474                vfprintf_P
 .text          0x000124e6       0x3c c:/ethernut-4.3.3/build/gcc/atmega2561/lib\libnutcrt.a(sprintf.o)
                0x000124e6                sprintf
 .text          0x00012522       0x72 c:/ethernut-4.3.3/build/gcc/atmega2561/lib\libnutcrt.a(vsprintf.o)
                0x00012522                vsprintf
 .text          0x00012594      0x35c c:/ethernut-4.3.3/build/gcc/atmega2561/lib\libnutcrt.a(localtim.o)
                0x000128d8                localtime
                0x00012594                localtime_r
 .text          0x000128f0       0x80 c:/ethernut-4.3.3/build/gcc/atmega2561/lib\libnutcrt.a(time.o)
                0x0001292c                time
                0x000128f0                stime
 .text          0x00012970      0x4d6 c:/ethernut-4.3.3/build/gcc/atmega2561/lib\libnutcrt.a(tzset.o)
                0x00012c7a                _isindst
 .text          0x00012e46        0x0 c:/ethernut-4.3.3/build/gcc/atmega2561/lib\libnutcrt.a(errno.o)
 .text          0x00012e46       0x20 c:/ethernut-4.3.3/build/gcc/atmega2561/lib\libnutcrt.a(malloc.o)
                0x00012e4c                malloc
                0x00012e46                free
 .text          0x00012e66       0x26 c:/ethernut-4.3.3/build/gcc/atmega2561/lib\libnutcrt.a(read.o)
                0x00012e66                _read
 .text          0x00012e8c      0x6f2 c:/ethernut-4.3.3/build/gcc/atmega2561/lib\libnutcrt.a(putf.o)
                0x00012edc                _putf
 .text          0x0001357e       0x26 c:/ethernut-4.3.3/build/gcc/atmega2561/lib\libnutcrt.a(write.o)
                0x0001357e                _write
 .text          0x000135a4       0x26 c:/ethernut-4.3.3/build/gcc/atmega2561/lib\libnutcrt.a(write_p.o)
                0x000135a4                _write_P
 .text          0x000135ca       0x78 c:/ethernut-4.3.3/build/gcc/atmega2561/lib\libnutcrt.a(fgetc.o)
                0x000135ca                fgetc
 .text          0x00013642      0x294 c:/ethernut-4.3.3/build/gcc/atmega2561/lib\libnutcrt.a(gmtime.o)
                0x00013642                gmtime_r
                0x000138be                gmtime
 .text          0x000138d6        0x0 c:/winavr-20070525/bin/../lib/gcc/avr/4.1.2/avr6\libgcc.a(_mulsi3.o)
 .text          0x000138d6        0x0 c:/winavr-20070525/bin/../lib/gcc/avr/4.1.2/avr6\libgcc.a(_udivmodqi4.o)
 .text          0x000138d6        0x0 c:/winavr-20070525/bin/../lib/gcc/avr/4.1.2/avr6\libgcc.a(_udivmodhi4.o)
 .text          0x000138d6        0x0 c:/winavr-20070525/bin/../lib/gcc/avr/4.1.2/avr6\libgcc.a(_divmodhi4.o)
 .text          0x000138d6        0x0 c:/winavr-20070525/bin/../lib/gcc/avr/4.1.2/avr6\libgcc.a(_udivmodsi4.o)
 .text          0x000138d6        0x0 c:/winavr-20070525/bin/../lib/gcc/avr/4.1.2/avr6\libgcc.a(_divmodsi4.o)
 .text          0x000138d6        0x0 c:/winavr-20070525/bin/../lib/gcc/avr/4.1.2/avr6\libgcc.a(_exit.o)
 .text          0x000138d6        0x0 c:/winavr-20070525/bin/../lib/gcc/avr/4.1.2/avr6\libgcc.a(_clear_bss.o)
 .text          0x000138d6       0x4e c:/winavr-20070525/bin/../lib/gcc/avr/4.1.2/../../../../avr/lib/avr6\libc.a(atol.o)
                0x000138d6                atol
 .text          0x00013924        0x0 c:/winavr-20070525/bin/../lib/gcc/avr/4.1.2/../../../../avr/lib/avr6\libc.a(toupper.o)
 .text          0x00013924       0x12 c:/winavr-20070525/bin/../lib/gcc/avr/4.1.2/../../../../avr/lib/avr6\libc.a(memcpy_P.o)
                0x00013924                memcpy_P
 .text          0x00013936        0xe c:/winavr-20070525/bin/../lib/gcc/avr/4.1.2/../../../../avr/lib/avr6\libc.a(strcpy_P.o)
                0x00013936                strcpy_P
 .text          0x00013944       0x12 c:/winavr-20070525/bin/../lib/gcc/avr/4.1.2/../../../../avr/lib/avr6\libc.a(strlen_P.o)
                0x00013944                strlen_P
 .text          0x00013956       0x1a c:/winavr-20070525/bin/../lib/gcc/avr/4.1.2/../../../../avr/lib/avr6\libc.a(memchr.o)
                0x00013956                memchr
 .text          0x00013970       0x1a c:/winavr-20070525/bin/../lib/gcc/avr/4.1.2/../../../../avr/lib/avr6\libc.a(memcmp.o)
                0x00013970                memcmp
 .text          0x0001398a       0x12 c:/winavr-20070525/bin/../lib/gcc/avr/4.1.2/../../../../avr/lib/avr6\libc.a(memcpy.o)
                0x0001398a                memcpy
 .text          0x0001399c        0xe c:/winavr-20070525/bin/../lib/gcc/avr/4.1.2/../../../../avr/lib/avr6\libc.a(memset.o)
                0x0001399c                memset
 .text          0x000139aa       0x16 c:/winavr-20070525/bin/../lib/gcc/avr/4.1.2/../../../../avr/lib/avr6\libc.a(strchr.o)
                0x000139aa                strchr
 .text          0x000139c0       0x12 c:/winavr-20070525/bin/../lib/gcc/avr/4.1.2/../../../../avr/lib/avr6\libc.a(strcmp.o)
                0x000139c0                strcmp
 .text          0x000139d2        0xe c:/winavr-20070525/bin/../lib/gcc/avr/4.1.2/../../../../avr/lib/avr6\libc.a(strcpy.o)
                0x000139d2                strcpy
 .text          0x000139e0       0x1c c:/winavr-20070525/bin/../lib/gcc/avr/4.1.2/../../../../avr/lib/avr6\libc.a(strncmp.o)
                0x000139e0                strncmp
 .text          0x000139fc       0x2a c:/winavr-20070525/bin/../lib/gcc/avr/4.1.2/../../../../avr/lib/avr6\libc.a(mulsi10.o)
                0x000139fc                __mulsi_const_10
 .text          0x00013a26        0x0 c:/winavr-20070525/bin/../lib/gcc/avr/4.1.2/../../../../avr/lib/avr6\libc.a(ee_rb.1F2021.o)
 .text          0x00013a26        0x0 c:/winavr-20070525/bin/../lib/gcc/avr/4.1.2/../../../../avr/lib/avr6\libc.a(ee_wb.1F2021.o)
 .text          0x00013a26        0x0 c:/winavr-20070525/bin/../lib/gcc/avr/4.1.2/../../../../avr/lib/avr6\libc.a(isalpha.o)
 .text          0x00013a26        0x0 c:/winavr-20070525/bin/../lib/gcc/avr/4.1.2/../../../../avr/lib/avr6\libc.a(cty_isfalse.o)
                0x00013a26                . = ALIGN (0x2)
 *(.text.*)
 .text.libgcc   0x00013a26       0x3e c:/winavr-20070525/bin/../lib/gcc/avr/4.1.2/avr6\libgcc.a(_mulsi3.o)
                0x00013a26                __mulsi3
 .text.libgcc   0x00013a64       0x18 c:/winavr-20070525/bin/../lib/gcc/avr/4.1.2/avr6\libgcc.a(_udivmodqi4.o)
                0x00013a64                __udivmodqi4
 .text.libgcc   0x00013a7c       0x28 c:/winavr-20070525/bin/../lib/gcc/avr/4.1.2/avr6\libgcc.a(_udivmodhi4.o)
                0x00013a7c                __udivmodhi4
 .text.libgcc   0x00013aa4       0x26 c:/winavr-20070525/bin/../lib/gcc/avr/4.1.2/avr6\libgcc.a(_divmodhi4.o)
                0x00013aa4                __divmodhi4
                0x00013aa4                _div
 .text.libgcc   0x00013aca       0x44 c:/winavr-20070525/bin/../lib/gcc/avr/4.1.2/avr6\libgcc.a(_udivmodsi4.o)
                0x00013aca                __udivmodsi4
 .text.libgcc   0x00013b0e       0x36 c:/winavr-20070525/bin/../lib/gcc/avr/4.1.2/avr6\libgcc.a(_divmodsi4.o)
                0x00013b0e                __divmodsi4
 .text.libgcc   0x00013b44        0x0 c:/winavr-20070525/bin/../lib/gcc/avr/4.1.2/avr6\libgcc.a(_exit.o)
 .text.libgcc   0x00013b44        0x0 c:/winavr-20070525/bin/../lib/gcc/avr/4.1.2/avr6\libgcc.a(_clear_bss.o)
 .text.ctype    0x00013b44        0xc c:/winavr-20070525/bin/../lib/gcc/avr/4.1.2/../../../../avr/lib/avr6\libc.a(toupper.o)
                0x00013b44                toupper
 .text.eeprom   0x00013b50       0x10 c:/winavr-20070525/bin/../lib/gcc/avr/4.1.2/../../../../avr/lib/avr6\libc.a(ee_rb.1F2021.o)
                0x00013b50                __eeprom_read_byte_1F2021
 .text.eeprom   0x00013b60       0x18 c:/winavr-20070525/bin/../lib/gcc/avr/4.1.2/../../../../avr/lib/avr6\libc.a(ee_wb.1F2021.o)
                0x00013b60                __eeprom_write_byte_1F2021
 .text.ctype    0x00013b78       0x14 c:/winavr-20070525/bin/../lib/gcc/avr/4.1.2/../../../../avr/lib/avr6\libc.a(isalpha.o)
                0x00013b7e                islower
                0x00013b78                isupper
                0x00013b7c                isalpha
 .text.ctype    0x00013b8c        0x6 c:/winavr-20070525/bin/../lib/gcc/avr/4.1.2/../../../../avr/lib/avr6\libc.a(cty_isfalse.o)
                0x00013b90                __ctype_istrue
                0x00013b8c                __ctype_isfalse
                0x00013b92                . = ALIGN (0x2)
 *(.fini9)
 .fini9         0x00013b92        0x0 c:/winavr-20070525/bin/../lib/gcc/avr/4.1.2/avr6\libgcc.a(_exit.o)
                0x00013b92                exit
                0x00013b92                _exit
 *(.fini9)
 *(.fini8)
 *(.fini8)
 *(.fini7)
 *(.fini7)
 *(.fini6)
 *(.fini6)
 *(.fini5)
 *(.fini5)
 *(.fini4)
 *(.fini4)
 *(.fini3)
 *(.fini3)
 *(.fini2)
 *(.fini2)
 *(.fini1)
 *(.fini1)
 *(.fini0)
 .fini0         0x00013b92        0x2 c:/winavr-20070525/bin/../lib/gcc/avr/4.1.2/avr6\libgcc.a(_exit.o)
 *(.fini0)
                0x00013b94                _etext = .

.data           0x00800200      0xc48 load address 0x00013b94
                0x00800200                PROVIDE (__data_start, .)
 *(.data)
 .data          0x00800200        0x0 c:/winavr-20070525/bin/../lib/gcc/avr/4.1.2/../../../../avr/lib/avr6/crtm2561.o
 .data          0x00800200      0x1f0 ./source/main.o
                0x008003ee                volume
                0x008003ec                old
 .data          0x008003f0        0x0 ./source/uart0driver.o
 .data          0x008003f0       0x10 ./source/log.o
 .data          0x00800400        0x0 ./source/led.o
 .data          0x00800400        0x0 ./source/keyboard.o
 .data          0x00800400        0x0 ./source/display.o
 .data          0x00800400        0x0 ./source/vs10xx.o
 .data          0x00800400        0x0 ./source/remcon.o
 .data          0x00800400        0x0 ./source/watchdog.o
 .data          0x00800400        0x0 ./source/mmc.o
 .data          0x00800400        0x0 ./source/spidrv.o
 .data          0x00800400        0x0 ./source/mmcdrv.o
 .data          0x00800400       0x64 ./source/fat.o
                0x00800400                devFAT
                0x00800423                devFATMMC0
 .data          0x00800464       0x50 ./source/flash.o
                0x00800464                at45_devt
 .data          0x008004b4        0x0 ./source/rtc.o
 .data          0x008004b4       0x34 ./source/lcd.o
 .data          0x008004e8       0x64 ./source/audioMenu.o
 .data          0x0080054c       0x15 ./source/firstsetup.o
 .data          0x00800561       0x6b ./source/menu.o
 .data          0x008005cc      0x136 ./source/ntp.o
                0x008006fe                baud
 .data          0x00800702       0xfc ./source/EEPROMHandler.o
 .data          0x008007fe       0xd1 ./source/alarm.o
                0x008008cd                flag1
 .data          0x008008cf       0x2c ./source/dateTime.o
 .data          0x008008fb      0x31b ./source/StreamWork.o
                0x00800c0e                right
                0x00800c0c                left
 .data          0x00800c16       0x86 ./source/alarmMenu.o
 .data          0x00800c9c       0x14 c:/ethernut-4.3.3/build/gcc/atmega2561/lib/nutinit.o
                0x00800caf                idle_sleep_mode
 .data          0x00800cb0        0x6 c:/ethernut-4.3.3/build/gcc/atmega2561/lib\libnutpro.a(dhcpc.o)
 .data          0x00800cb6        0x0 c:/ethernut-4.3.3/build/gcc/atmega2561/lib\libnutpro.a(resolv.o)
 .data          0x00800cb6        0x6 c:/ethernut-4.3.3/build/gcc/atmega2561/lib\libnutpro.a(sntp.o)
 .data          0x00800cbc        0x2 c:/ethernut-4.3.3/build/gcc/atmega2561/lib\libnutnet.a(tcpsock.o)
 .data          0x00800cbe        0x2 c:/ethernut-4.3.3/build/gcc/atmega2561/lib\libnutnet.a(udpsock.o)
 .data          0x00800cc0        0x0 c:/ethernut-4.3.3/build/gcc/atmega2561/lib\libnutnet.a(route.o)
 .data          0x00800cc0        0x0 c:/ethernut-4.3.3/build/gcc/atmega2561/lib\libnutnet.a(inet.o)
 .data          0x00800cc0        0xe c:/ethernut-4.3.3/build/gcc/atmega2561/lib\libnutnet.a(ifconfig.o)
 .data          0x00800cce        0x0 c:/ethernut-4.3.3/build/gcc/atmega2561/lib\libnutnet.a(confnet.o)
 .data          0x00800cce        0x0 c:/ethernut-4.3.3/build/gcc/atmega2561/lib\libnutnet.a(tcpout.o)
 .data          0x00800cce        0x6 c:/ethernut-4.3.3/build/gcc/atmega2561/lib\libnutnet.a(tcpsm.o)
 .data          0x00800cd4        0x0 c:/ethernut-4.3.3/build/gcc/atmega2561/lib\libnutnet.a(tcputil.o)
 .data          0x00800cd4        0x0 c:/ethernut-4.3.3/build/gcc/atmega2561/lib\libnutnet.a(udpout.o)
 .data          0x00800cd4        0x0 c:/ethernut-4.3.3/build/gcc/atmega2561/lib\libnutnet.a(ipcsum.o)
 .data          0x00800cd4        0x0 c:/ethernut-4.3.3/build/gcc/atmega2561/lib\libnutnet.a(ipout.o)
 .data          0x00800cd4        0x0 c:/ethernut-4.3.3/build/gcc/atmega2561/lib\libnutnet.a(arpcache.o)
 .data          0x00800cd4        0x0 c:/ethernut-4.3.3/build/gcc/atmega2561/lib\libnutnet.a(arpout.o)
 .data          0x00800cd4        0x0 c:/ethernut-4.3.3/build/gcc/atmega2561/lib\libnutos.a(heap.o)
 .data          0x00800cd4        0x0 c:/ethernut-4.3.3/build/gcc/atmega2561/lib\libnutos.a(bankmem.o)
 .data          0x00800cd4        0x0 c:/ethernut-4.3.3/build/gcc/atmega2561/lib\libnutos.a(thread.o)
 .data          0x00800cd4        0x0 c:/ethernut-4.3.3/build/gcc/atmega2561/lib\libnutos.a(timer.o)
 .data          0x00800cd4        0x0 c:/ethernut-4.3.3/build/gcc/atmega2561/lib\libnutos.a(event.o)
 .data          0x00800cd4        0x0 c:/ethernut-4.3.3/build/gcc/atmega2561/lib\libnutos.a(devreg.o)
 .data          0x00800cd4        0x0 c:/ethernut-4.3.3/build/gcc/atmega2561/lib\libnutos.a(confos.o)
 .data          0x00800cd4        0x0 c:/ethernut-4.3.3/build/gcc/atmega2561/lib\libnutdev.a(ihndlr.o)
 .data          0x00800cd4        0x0 c:/ethernut-4.3.3/build/gcc/atmega2561/lib\libnutdev.a(netbuf.o)
 .data          0x00800cd4        0x0 c:/ethernut-4.3.3/build/gcc/atmega2561/lib\libnutdev.a(nvmem.o)
 .data          0x00800cd4        0x0 c:/ethernut-4.3.3/build/gcc/atmega2561/lib\libnutarch.a(context_gcc.o)
 .data          0x00800cd4        0x0 c:/ethernut-4.3.3/build/gcc/atmega2561/lib\libnutarch.a(ostimer.o)
 .data          0x00800cd4        0x6 c:/ethernut-4.3.3/build/gcc/atmega2561/lib\libnutarch.a(ih_int4.o)
                0x00800cd4                sig_INTERRUPT4
 .data          0x00800cda        0x6 c:/ethernut-4.3.3/build/gcc/atmega2561/lib\libnutarch.a(ih_int6.o)
                0x00800cda                sig_INTERRUPT6
 .data          0x00800ce0        0x6 c:/ethernut-4.3.3/build/gcc/atmega2561/lib\libnutarch.a(ih_timer0_ovf.o)
                0x00800ce0                sig_OVERFLOW0
 .data          0x00800ce6        0x6 c:/ethernut-4.3.3/build/gcc/atmega2561/lib\libnutarch.a(ih_timer2_comp.o)
                0x00800ce6                sig_OUTPUT_COMPARE2
 .data          0x00800cec       0x23 c:/ethernut-4.3.3/build/gcc/atmega2561/lib\libnutarch.a(debug0.o)
                0x00800cec                devDebug0
 .data          0x00800d0f       0x23 c:/ethernut-4.3.3/build/gcc/atmega2561/lib\libnutarch.a(uart0.o)
                0x00800d0f                devUart0
 .data          0x00800d32        0x0 c:/ethernut-4.3.3/build/gcc/atmega2561/lib\libnutarch.a(uartavr.o)
 .data          0x00800d32       0x46 c:/ethernut-4.3.3/build/gcc/atmega2561/lib\libnutarch.a(eth0rtl.o)
                0x00800d32                devEth0
 .data          0x00800d78        0x0 c:/ethernut-4.3.3/build/gcc/atmega2561/lib\libnutarch.a(twif.o)
 .data          0x00800d78        0x0 c:/ethernut-4.3.3/build/gcc/atmega2561/lib\libnutarch.a(eeprom.o)
 .data          0x00800d78        0x6 c:/ethernut-4.3.3/build/gcc/atmega2561/lib\libnutarch.a(ih_twi.o)
                0x00800d78                sig_2WIRE_SERIAL
 .data          0x00800d7e        0x6 c:/ethernut-4.3.3/build/gcc/atmega2561/lib\libnutarch.a(ih_usart0_rx.o)
                0x00800d7e                sig_UART0_RECV
 .data          0x00800d84        0x6 c:/ethernut-4.3.3/build/gcc/atmega2561/lib\libnutarch.a(ih_usart0_tx.o)
                0x00800d84                sig_UART0_TRANS
 .data          0x00800d8a        0x6 c:/ethernut-4.3.3/build/gcc/atmega2561/lib\libnutarch.a(ih_usart1_rx.o)
                0x00800d8a                sig_UART1_RECV
 .data          0x00800d90        0x6 c:/ethernut-4.3.3/build/gcc/atmega2561/lib\libnutarch.a(ih_usart1_tx.o)
                0x00800d90                sig_UART1_TRANS
 .data          0x00800d96        0x5 c:/ethernut-4.3.3/build/gcc/atmega2561/lib\libnutarch.a(nicrtl.o)
 .data          0x00800d9b        0x6 c:/ethernut-4.3.3/build/gcc/atmega2561/lib\libnutarch.a(ih_int5.o)
                0x00800d9b                sig_INTERRUPT5
 .data          0x00800da1        0x0 c:/ethernut-4.3.3/build/gcc/atmega2561/lib\libnutnet.a(ethin.o)
 .data          0x00800da1        0x0 c:/ethernut-4.3.3/build/gcc/atmega2561/lib\libnutnet.a(ethout.o)
 .data          0x00800da1        0x0 c:/ethernut-4.3.3/build/gcc/atmega2561/lib\libnutnet.a(ipin.o)
 .data          0x00800da1        0x0 c:/ethernut-4.3.3/build/gcc/atmega2561/lib\libnutnet.a(icmpin.o)
 .data          0x00800da1        0x0 c:/ethernut-4.3.3/build/gcc/atmega2561/lib\libnutnet.a(icmpout.o)
 .data          0x00800da1        0x0 c:/ethernut-4.3.3/build/gcc/atmega2561/lib\libnutnet.a(igmpin.o)
 .data          0x00800da1        0x0 c:/ethernut-4.3.3/build/gcc/atmega2561/lib\libnutnet.a(arpin.o)
 .data          0x00800da1        0x0 c:/ethernut-4.3.3/build/gcc/atmega2561/lib\libnutnet.a(tcpin.o)
 .data          0x00800da1        0x0 c:/ethernut-4.3.3/build/gcc/atmega2561/lib\libnutnet.a(udpin.o)
 .data          0x00800da1        0x0 c:/ethernut-4.3.3/build/gcc/atmega2561/lib\libnutcrt.a(close.o)
 .data          0x00800da1        0x0 c:/ethernut-4.3.3/build/gcc/atmega2561/lib\libnutcrt.a(ioctl.o)
 .data          0x00800da1        0x0 c:/ethernut-4.3.3/build/gcc/atmega2561/lib\libnutcrt.a(open.o)
 .data          0x00800da1        0x0 c:/ethernut-4.3.3/build/gcc/atmega2561/lib\libnutcrt.a(fclose.o)
 .data          0x00800da1        0x0 c:/ethernut-4.3.3/build/gcc/atmega2561/lib\libnutcrt.a(fdopen.o)
 .data          0x00800da1        0x0 c:/ethernut-4.3.3/build/gcc/atmega2561/lib\libnutcrt.a(fflush.o)
 .data          0x00800da1        0x0 c:/ethernut-4.3.3/build/gcc/atmega2561/lib\libnutcrt.a(fileno.o)
 .data          0x00800da1        0x0 c:/ethernut-4.3.3/build/gcc/atmega2561/lib\libnutcrt.a(fmode.o)
 .data          0x00800da1       0x10 c:/ethernut-4.3.3/build/gcc/atmega2561/lib\libnutcrt.a(fopen.o)
                0x00800da1                __iob
 .data          0x00800db1        0x0 c:/ethernut-4.3.3/build/gcc/atmega2561/lib\libnutcrt.a(freopen.o)
 .data          0x00800db1        0x0 c:/ethernut-4.3.3/build/gcc/atmega2561/lib\libnutcrt.a(fgets.o)
 .data          0x00800db1        0x0 c:/ethernut-4.3.3/build/gcc/atmega2561/lib\libnutcrt.a(fread.o)
 .data          0x00800db1        0x0 c:/ethernut-4.3.3/build/gcc/atmega2561/lib\libnutcrt.a(fprintf.o)
 .data          0x00800db1        0x0 c:/ethernut-4.3.3/build/gcc/atmega2561/lib\libnutcrt.a(fputc.o)
 .data          0x00800db1        0x0 c:/ethernut-4.3.3/build/gcc/atmega2561/lib\libnutcrt.a(fputs.o)
 .data          0x00800db1        0x0 c:/ethernut-4.3.3/build/gcc/atmega2561/lib\libnutcrt.a(printf.o)
 .data          0x00800db1        0x0 c:/ethernut-4.3.3/build/gcc/atmega2561/lib\libnutcrt.a(putchar.o)
 .data          0x00800db1        0x0 c:/ethernut-4.3.3/build/gcc/atmega2561/lib\libnutcrt.a(puts.o)
 .data          0x00800db1        0x0 c:/ethernut-4.3.3/build/gcc/atmega2561/lib\libnutcrt.a(vfprintf.o)
 .data          0x00800db1        0x0 c:/ethernut-4.3.3/build/gcc/atmega2561/lib\libnutcrt.a(fputs_p.o)
 .data          0x00800db1        0x0 c:/ethernut-4.3.3/build/gcc/atmega2561/lib\libnutcrt.a(vfprintf_p.o)
 .data          0x00800db1        0x0 c:/ethernut-4.3.3/build/gcc/atmega2561/lib\libnutcrt.a(sprintf.o)
 .data          0x00800db1        0x0 c:/ethernut-4.3.3/build/gcc/atmega2561/lib\libnutcrt.a(vsprintf.o)
 .data          0x00800db1        0x0 c:/ethernut-4.3.3/build/gcc/atmega2561/lib\libnutcrt.a(localtim.o)
 .data          0x00800db1        0x0 c:/ethernut-4.3.3/build/gcc/atmega2561/lib\libnutcrt.a(time.o)
 .data          0x00800db1       0x19 c:/ethernut-4.3.3/build/gcc/atmega2561/lib\libnutcrt.a(tzset.o)
                0x00800db1                _daylight
                0x00800db2                _dstbias
                0x00800db6                _timezone
 .data          0x00800dca        0x0 c:/ethernut-4.3.3/build/gcc/atmega2561/lib\libnutcrt.a(errno.o)
 .data          0x00800dca        0x0 c:/ethernut-4.3.3/build/gcc/atmega2561/lib\libnutcrt.a(malloc.o)
 .data          0x00800dca        0x0 c:/ethernut-4.3.3/build/gcc/atmega2561/lib\libnutcrt.a(read.o)
 .data          0x00800dca       0x49 c:/ethernut-4.3.3/build/gcc/atmega2561/lib\libnutcrt.a(putf.o)
 .data          0x00800e13        0x0 c:/ethernut-4.3.3/build/gcc/atmega2561/lib\libnutcrt.a(write.o)
 .data          0x00800e13        0x0 c:/ethernut-4.3.3/build/gcc/atmega2561/lib\libnutcrt.a(write_p.o)
 .data          0x00800e13        0x0 c:/ethernut-4.3.3/build/gcc/atmega2561/lib\libnutcrt.a(fgetc.o)
 .data          0x00800e13       0x34 c:/ethernut-4.3.3/build/gcc/atmega2561/lib\libnutcrt.a(gmtime.o)
                0x00800e13                _lpdays
                0x00800e2d                _days
 .data          0x00800e47        0x0 c:/winavr-20070525/bin/../lib/gcc/avr/4.1.2/avr6\libgcc.a(_mulsi3.o)
 .data          0x00800e47        0x0 c:/winavr-20070525/bin/../lib/gcc/avr/4.1.2/avr6\libgcc.a(_udivmodqi4.o)
 .data          0x00800e47        0x0 c:/winavr-20070525/bin/../lib/gcc/avr/4.1.2/avr6\libgcc.a(_udivmodhi4.o)
 .data          0x00800e47        0x0 c:/winavr-20070525/bin/../lib/gcc/avr/4.1.2/avr6\libgcc.a(_divmodhi4.o)
 .data          0x00800e47        0x0 c:/winavr-20070525/bin/../lib/gcc/avr/4.1.2/avr6\libgcc.a(_udivmodsi4.o)
 .data          0x00800e47        0x0 c:/winavr-20070525/bin/../lib/gcc/avr/4.1.2/avr6\libgcc.a(_divmodsi4.o)
 .data          0x00800e47        0x0 c:/winavr-20070525/bin/../lib/gcc/avr/4.1.2/avr6\libgcc.a(_exit.o)
 .data          0x00800e47        0x0 c:/winavr-20070525/bin/../lib/gcc/avr/4.1.2/avr6\libgcc.a(_clear_bss.o)
 .data          0x00800e47        0x0 c:/winavr-20070525/bin/../lib/gcc/avr/4.1.2/../../../../avr/lib/avr6\libc.a(atol.o)
 .data          0x00800e47        0x0 c:/winavr-20070525/bin/../lib/gcc/avr/4.1.2/../../../../avr/lib/avr6\libc.a(toupper.o)
 .data          0x00800e47        0x0 c:/winavr-20070525/bin/../lib/gcc/avr/4.1.2/../../../../avr/lib/avr6\libc.a(memcpy_P.o)
 .data          0x00800e47        0x0 c:/winavr-20070525/bin/../lib/gcc/avr/4.1.2/../../../../avr/lib/avr6\libc.a(strcpy_P.o)
 .data          0x00800e47        0x0 c:/winavr-20070525/bin/../lib/gcc/avr/4.1.2/../../../../avr/lib/avr6\libc.a(strlen_P.o)
 .data          0x00800e47        0x0 c:/winavr-20070525/bin/../lib/gcc/avr/4.1.2/../../../../avr/lib/avr6\libc.a(memchr.o)
 .data          0x00800e47        0x0 c:/winavr-20070525/bin/../lib/gcc/avr/4.1.2/../../../../avr/lib/avr6\libc.a(memcmp.o)
 .data          0x00800e47        0x0 c:/winavr-20070525/bin/../lib/gcc/avr/4.1.2/../../../../avr/lib/avr6\libc.a(memcpy.o)
 .data          0x00800e47        0x0 c:/winavr-20070525/bin/../lib/gcc/avr/4.1.2/../../../../avr/lib/avr6\libc.a(memset.o)
 .data          0x00800e47        0x0 c:/winavr-20070525/bin/../lib/gcc/avr/4.1.2/../../../../avr/lib/avr6\libc.a(strchr.o)
 .data          0x00800e47        0x0 c:/winavr-20070525/bin/../lib/gcc/avr/4.1.2/../../../../avr/lib/avr6\libc.a(strcmp.o)
 .data          0x00800e47        0x0 c:/winavr-20070525/bin/../lib/gcc/avr/4.1.2/../../../../avr/lib/avr6\libc.a(strcpy.o)
 .data          0x00800e47        0x0 c:/winavr-20070525/bin/../lib/gcc/avr/4.1.2/../../../../avr/lib/avr6\libc.a(strncmp.o)
 .data          0x00800e47        0x0 c:/winavr-20070525/bin/../lib/gcc/avr/4.1.2/../../../../avr/lib/avr6\libc.a(mulsi10.o)
 .data          0x00800e47        0x0 c:/winavr-20070525/bin/../lib/gcc/avr/4.1.2/../../../../avr/lib/avr6\libc.a(ee_rb.1F2021.o)
 .data          0x00800e47        0x0 c:/winavr-20070525/bin/../lib/gcc/avr/4.1.2/../../../../avr/lib/avr6\libc.a(ee_wb.1F2021.o)
 .data          0x00800e47        0x0 c:/winavr-20070525/bin/../lib/gcc/avr/4.1.2/../../../../avr/lib/avr6\libc.a(isalpha.o)
 .data          0x00800e47        0x0 c:/winavr-20070525/bin/../lib/gcc/avr/4.1.2/../../../../avr/lib/avr6\libc.a(cty_isfalse.o)
 *(.data*)
 *(.rodata)
 *(.rodata*)
 *(.gnu.linkonce.d*)
                0x00800e48                . = ALIGN (0x2)
 *fill*         0x00800e47        0x1 00
                0x00800e48                _edata = .
                0x00800e48                PROVIDE (__data_end, .)

.bss            0x00800e48      0x530
                0x00800e48                PROVIDE (__bss_start, .)
 *(.bss)
 .bss           0x00800e48        0x0 c:/winavr-20070525/bin/../lib/gcc/avr/4.1.2/../../../../avr/lib/avr6/crtm2561.o
 .bss           0x00800e48        0x2 ./source/main.o
                0x00800e48                alarmOn
 .bss           0x00800e4a        0x2 ./source/uart0driver.o
 .bss           0x00800e4c        0x3 ./source/log.o
 .bss           0x00800e4f        0x1 ./source/led.o
 .bss           0x00800e50       0x18 ./source/keyboard.o
 .bss           0x00800e68        0x0 ./source/display.o
 .bss           0x00800e68        0x3 ./source/vs10xx.o
 .bss           0x00800e6b        0x2 ./source/remcon.o
 .bss           0x00800e6d        0x2 ./source/watchdog.o
 .bss           0x00800e6f        0x7 ./source/mmc.o
 .bss           0x00800e76        0x1 ./source/spidrv.o
 .bss           0x00800e77        0xf ./source/mmcdrv.o
 .bss           0x00800e86       0x70 ./source/fat.o
 .bss           0x00800ef6        0xa ./source/flash.o
 .bss           0x00800f00        0x4 ./source/rtc.o
 .bss           0x00800f04        0x8 ./source/lcd.o
                0x00800f06                alarmStatus
                0x00800f08                onTimer
                0x00800f0a                backlightTimer
                0x00800f04                lcdBackLightStatus
 .bss           0x00800f0c        0xa ./source/audioMenu.o
                0x00800f0e                menuState
                0x00800f0c                mVolume
                0x00800f10                bassOn
                0x00800f14                update
                0x00800f12                leftSelect
 .bss           0x00800f16        0x0 ./source/firstsetup.o
 .bss           0x00800f16        0x2 ./source/menu.o
                0x00800f16                updateM
 .bss           0x00800f18        0x8 ./source/ntp.o
                0x00800f18                ntp_time
                0x00800f1c                timeserver
 .bss           0x00800f20        0x0 ./source/EEPROMHandler.o
 .bss           0x00800f20        0x0 ./source/alarm.o
 .bss           0x00800f20        0x0 ./source/dateTime.o
 .bss           0x00800f20        0x2 ./source/StreamWork.o
                0x00800f20                stopAlarm
 .bss           0x00800f22        0xe ./source/alarmMenu.o
                0x00800f2e                selectedMin
                0x00800f26                ylayer
                0x00800f24                xlayer
                0x00800f2c                selectedHour
                0x00800f28                selectedAlarm
                0x00800f22                steplayer
                0x00800f2a                selectedDay
 .bss           0x00800f30        0x1 c:/ethernut-4.3.3/build/gcc/atmega2561/lib/nutinit.o
                0x00800f30                ms62_5
 .bss           0x00800f31       0x13 c:/ethernut-4.3.3/build/gcc/atmega2561/lib\libnutpro.a(dhcpc.o)
 .bss           0x00800f44        0xc c:/ethernut-4.3.3/build/gcc/atmega2561/lib\libnutpro.a(resolv.o)
 .bss           0x00800f50        0x0 c:/ethernut-4.3.3/build/gcc/atmega2561/lib\libnutpro.a(sntp.o)
 .bss           0x00800f50        0x3 c:/ethernut-4.3.3/build/gcc/atmega2561/lib\libnutnet.a(tcpsock.o)
                0x00800f50                tcpSocketList
 .bss           0x00800f53        0x0 c:/ethernut-4.3.3/build/gcc/atmega2561/lib\libnutnet.a(udpsock.o)
 .bss           0x00800f53        0x0 c:/ethernut-4.3.3/build/gcc/atmega2561/lib\libnutnet.a(route.o)
 .bss           0x00800f53       0x10 c:/ethernut-4.3.3/build/gcc/atmega2561/lib\libnutnet.a(inet.o)
 .bss           0x00800f63        0x0 c:/ethernut-4.3.3/build/gcc/atmega2561/lib\libnutnet.a(ifconfig.o)
 .bss           0x00800f63        0x0 c:/ethernut-4.3.3/build/gcc/atmega2561/lib\libnutnet.a(confnet.o)
 .bss           0x00800f63        0x0 c:/ethernut-4.3.3/build/gcc/atmega2561/lib\libnutnet.a(tcpout.o)
 .bss           0x00800f63        0x4 c:/ethernut-4.3.3/build/gcc/atmega2561/lib\libnutnet.a(tcpsm.o)
 .bss           0x00800f67        0x0 c:/ethernut-4.3.3/build/gcc/atmega2561/lib\libnutnet.a(tcputil.o)
 .bss           0x00800f67        0x0 c:/ethernut-4.3.3/build/gcc/atmega2561/lib\libnutnet.a(udpout.o)
 .bss           0x00800f67        0x0 c:/ethernut-4.3.3/build/gcc/atmega2561/lib\libnutnet.a(ipcsum.o)
 .bss           0x00800f67        0x0 c:/ethernut-4.3.3/build/gcc/atmega2561/lib\libnutnet.a(ipout.o)
 .bss           0x00800f67        0x4 c:/ethernut-4.3.3/build/gcc/atmega2561/lib\libnutnet.a(arpcache.o)
 .bss           0x00800f6b        0x0 c:/ethernut-4.3.3/build/gcc/atmega2561/lib\libnutnet.a(arpout.o)
 .bss           0x00800f6b        0x2 c:/ethernut-4.3.3/build/gcc/atmega2561/lib\libnutos.a(heap.o)
 .bss           0x00800f6d       0x13 c:/ethernut-4.3.3/build/gcc/atmega2561/lib\libnutos.a(bankmem.o)
 .bss           0x00800f80        0x0 c:/ethernut-4.3.3/build/gcc/atmega2561/lib\libnutos.a(thread.o)
 .bss           0x00800f80        0x4 c:/ethernut-4.3.3/build/gcc/atmega2561/lib\libnutos.a(timer.o)
 .bss           0x00800f84        0x0 c:/ethernut-4.3.3/build/gcc/atmega2561/lib\libnutos.a(event.o)
 .bss           0x00800f84        0x2 c:/ethernut-4.3.3/build/gcc/atmega2561/lib\libnutos.a(devreg.o)
                0x00800f84                nutDeviceList
 .bss           0x00800f86        0x0 c:/ethernut-4.3.3/build/gcc/atmega2561/lib\libnutos.a(confos.o)
 .bss           0x00800f86        0x0 c:/ethernut-4.3.3/build/gcc/atmega2561/lib\libnutdev.a(ihndlr.o)
 .bss           0x00800f86        0x0 c:/ethernut-4.3.3/build/gcc/atmega2561/lib\libnutdev.a(netbuf.o)
 .bss           0x00800f86        0x0 c:/ethernut-4.3.3/build/gcc/atmega2561/lib\libnutdev.a(nvmem.o)
 .bss           0x00800f86        0x0 c:/ethernut-4.3.3/build/gcc/atmega2561/lib\libnutarch.a(context_gcc.o)
 .bss           0x00800f86        0x4 c:/ethernut-4.3.3/build/gcc/atmega2561/lib\libnutarch.a(ostimer.o)
 .bss           0x00800f8a        0x0 c:/ethernut-4.3.3/build/gcc/atmega2561/lib\libnutarch.a(ih_int4.o)
 .bss           0x00800f8a        0x0 c:/ethernut-4.3.3/build/gcc/atmega2561/lib\libnutarch.a(ih_int6.o)
 .bss           0x00800f8a        0x0 c:/ethernut-4.3.3/build/gcc/atmega2561/lib\libnutarch.a(ih_timer0_ovf.o)
 .bss           0x00800f8a        0x0 c:/ethernut-4.3.3/build/gcc/atmega2561/lib\libnutarch.a(ih_timer2_comp.o)
 .bss           0x00800f8a        0x6 c:/ethernut-4.3.3/build/gcc/atmega2561/lib\libnutarch.a(debug0.o)
 .bss           0x00800f90      0x21c c:/ethernut-4.3.3/build/gcc/atmega2561/lib\libnutarch.a(uart0.o)
 .bss           0x008011ac        0x0 c:/ethernut-4.3.3/build/gcc/atmega2561/lib\libnutarch.a(uartavr.o)
 .bss           0x008011ac       0x26 c:/ethernut-4.3.3/build/gcc/atmega2561/lib\libnutarch.a(eth0rtl.o)
 .bss           0x008011d2       0x1f c:/ethernut-4.3.3/build/gcc/atmega2561/lib\libnutarch.a(twif.o)
 .bss           0x008011f1        0x0 c:/ethernut-4.3.3/build/gcc/atmega2561/lib\libnutarch.a(eeprom.o)
 .bss           0x008011f1        0x0 c:/ethernut-4.3.3/build/gcc/atmega2561/lib\libnutarch.a(ih_twi.o)
 .bss           0x008011f1        0x0 c:/ethernut-4.3.3/build/gcc/atmega2561/lib\libnutarch.a(ih_usart0_rx.o)
 .bss           0x008011f1        0x0 c:/ethernut-4.3.3/build/gcc/atmega2561/lib\libnutarch.a(ih_usart0_tx.o)
 .bss           0x008011f1        0x0 c:/ethernut-4.3.3/build/gcc/atmega2561/lib\libnutarch.a(ih_usart1_rx.o)
 .bss           0x008011f1        0x0 c:/ethernut-4.3.3/build/gcc/atmega2561/lib\libnutarch.a(ih_usart1_tx.o)
 .bss           0x008011f1        0x0 c:/ethernut-4.3.3/build/gcc/atmega2561/lib\libnutarch.a(nicrtl.o)
 .bss           0x008011f1        0x0 c:/ethernut-4.3.3/build/gcc/atmega2561/lib\libnutarch.a(ih_int5.o)
 .bss           0x008011f1        0x0 c:/ethernut-4.3.3/build/gcc/atmega2561/lib\libnutnet.a(ethin.o)
 .bss           0x008011f1        0x0 c:/ethernut-4.3.3/build/gcc/atmega2561/lib\libnutnet.a(ethout.o)
 .bss           0x008011f1        0x2 c:/ethernut-4.3.3/build/gcc/atmega2561/lib\libnutnet.a(ipin.o)
 .bss           0x008011f3        0x0 c:/ethernut-4.3.3/build/gcc/atmega2561/lib\libnutnet.a(icmpin.o)
 .bss           0x008011f3        0x0 c:/ethernut-4.3.3/build/gcc/atmega2561/lib\libnutnet.a(icmpout.o)
 .bss           0x008011f3        0x0 c:/ethernut-4.3.3/build/gcc/atmega2561/lib\libnutnet.a(igmpin.o)
 .bss           0x008011f3        0x0 c:/ethernut-4.3.3/build/gcc/atmega2561/lib\libnutnet.a(arpin.o)
 .bss           0x008011f3        0x0 c:/ethernut-4.3.3/build/gcc/atmega2561/lib\libnutnet.a(tcpin.o)
 .bss           0x008011f3        0x0 c:/ethernut-4.3.3/build/gcc/atmega2561/lib\libnutnet.a(udpin.o)
 .bss           0x008011f3        0x0 c:/ethernut-4.3.3/build/gcc/atmega2561/lib\libnutcrt.a(close.o)
 .bss           0x008011f3        0x0 c:/ethernut-4.3.3/build/gcc/atmega2561/lib\libnutcrt.a(ioctl.o)
 .bss           0x008011f3        0x0 c:/ethernut-4.3.3/build/gcc/atmega2561/lib\libnutcrt.a(open.o)
 .bss           0x008011f3        0x0 c:/ethernut-4.3.3/build/gcc/atmega2561/lib\libnutcrt.a(fclose.o)
 .bss           0x008011f3        0x0 c:/ethernut-4.3.3/build/gcc/atmega2561/lib\libnutcrt.a(fdopen.o)
 .bss           0x008011f3        0x0 c:/ethernut-4.3.3/build/gcc/atmega2561/lib\libnutcrt.a(fflush.o)
 .bss           0x008011f3        0x0 c:/ethernut-4.3.3/build/gcc/atmega2561/lib\libnutcrt.a(fileno.o)
 .bss           0x008011f3        0x0 c:/ethernut-4.3.3/build/gcc/atmega2561/lib\libnutcrt.a(fmode.o)
 .bss           0x008011f3        0x0 c:/ethernut-4.3.3/build/gcc/atmega2561/lib\libnutcrt.a(fopen.o)
 .bss           0x008011f3        0x0 c:/ethernut-4.3.3/build/gcc/atmega2561/lib\libnutcrt.a(freopen.o)
 .bss           0x008011f3        0x0 c:/ethernut-4.3.3/build/gcc/atmega2561/lib\libnutcrt.a(fgets.o)
 .bss           0x008011f3        0x0 c:/ethernut-4.3.3/build/gcc/atmega2561/lib\libnutcrt.a(fread.o)
 .bss           0x008011f3        0x0 c:/ethernut-4.3.3/build/gcc/atmega2561/lib\libnutcrt.a(fprintf.o)
 .bss           0x008011f3        0x0 c:/ethernut-4.3.3/build/gcc/atmega2561/lib\libnutcrt.a(fputc.o)
 .bss           0x008011f3        0x0 c:/ethernut-4.3.3/build/gcc/atmega2561/lib\libnutcrt.a(fputs.o)
 .bss           0x008011f3        0x0 c:/ethernut-4.3.3/build/gcc/atmega2561/lib\libnutcrt.a(printf.o)
 .bss           0x008011f3        0x0 c:/ethernut-4.3.3/build/gcc/atmega2561/lib\libnutcrt.a(putchar.o)
 .bss           0x008011f3        0x0 c:/ethernut-4.3.3/build/gcc/atmega2561/lib\libnutcrt.a(puts.o)
 .bss           0x008011f3        0x0 c:/ethernut-4.3.3/build/gcc/atmega2561/lib\libnutcrt.a(vfprintf.o)
 .bss           0x008011f3        0x0 c:/ethernut-4.3.3/build/gcc/atmega2561/lib\libnutcrt.a(fputs_p.o)
 .bss           0x008011f3        0x0 c:/ethernut-4.3.3/build/gcc/atmega2561/lib\libnutcrt.a(vfprintf_p.o)
 .bss           0x008011f3        0x0 c:/ethernut-4.3.3/build/gcc/atmega2561/lib\libnutcrt.a(sprintf.o)
 .bss           0x008011f3        0x0 c:/ethernut-4.3.3/build/gcc/atmega2561/lib\libnutcrt.a(vsprintf.o)
 .bss           0x008011f3        0x0 c:/ethernut-4.3.3/build/gcc/atmega2561/lib\libnutcrt.a(localtim.o)
 .bss           0x008011f3        0x4 c:/ethernut-4.3.3/build/gcc/atmega2561/lib\libnutcrt.a(time.o)
 .bss           0x008011f7        0x0 c:/ethernut-4.3.3/build/gcc/atmega2561/lib\libnutcrt.a(tzset.o)
 .bss           0x008011f7        0x0 c:/ethernut-4.3.3/build/gcc/atmega2561/lib\libnutcrt.a(errno.o)
 .bss           0x008011f7        0x0 c:/ethernut-4.3.3/build/gcc/atmega2561/lib\libnutcrt.a(malloc.o)
 .bss           0x008011f7        0x0 c:/ethernut-4.3.3/build/gcc/atmega2561/lib\libnutcrt.a(read.o)
 .bss           0x008011f7        0x0 c:/ethernut-4.3.3/build/gcc/atmega2561/lib\libnutcrt.a(putf.o)
 .bss           0x008011f7        0x0 c:/ethernut-4.3.3/build/gcc/atmega2561/lib\libnutcrt.a(write.o)
 .bss           0x008011f7        0x0 c:/ethernut-4.3.3/build/gcc/atmega2561/lib\libnutcrt.a(write_p.o)
 .bss           0x008011f7        0x0 c:/ethernut-4.3.3/build/gcc/atmega2561/lib\libnutcrt.a(fgetc.o)
 .bss           0x008011f7        0x0 c:/ethernut-4.3.3/build/gcc/atmega2561/lib\libnutcrt.a(gmtime.o)
 .bss           0x008011f7        0x0 c:/winavr-20070525/bin/../lib/gcc/avr/4.1.2/avr6\libgcc.a(_mulsi3.o)
 .bss           0x008011f7        0x0 c:/winavr-20070525/bin/../lib/gcc/avr/4.1.2/avr6\libgcc.a(_udivmodqi4.o)
 .bss           0x008011f7        0x0 c:/winavr-20070525/bin/../lib/gcc/avr/4.1.2/avr6\libgcc.a(_udivmodhi4.o)
 .bss           0x008011f7        0x0 c:/winavr-20070525/bin/../lib/gcc/avr/4.1.2/avr6\libgcc.a(_divmodhi4.o)
 .bss           0x008011f7        0x0 c:/winavr-20070525/bin/../lib/gcc/avr/4.1.2/avr6\libgcc.a(_udivmodsi4.o)
 .bss           0x008011f7        0x0 c:/winavr-20070525/bin/../lib/gcc/avr/4.1.2/avr6\libgcc.a(_divmodsi4.o)
 .bss           0x008011f7        0x0 c:/winavr-20070525/bin/../lib/gcc/avr/4.1.2/avr6\libgcc.a(_exit.o)
 .bss           0x008011f7        0x0 c:/winavr-20070525/bin/../lib/gcc/avr/4.1.2/avr6\libgcc.a(_clear_bss.o)
 .bss           0x008011f7        0x0 c:/winavr-20070525/bin/../lib/gcc/avr/4.1.2/../../../../avr/lib/avr6\libc.a(atol.o)
 .bss           0x008011f7        0x0 c:/winavr-20070525/bin/../lib/gcc/avr/4.1.2/../../../../avr/lib/avr6\libc.a(toupper.o)
 .bss           0x008011f7        0x0 c:/winavr-20070525/bin/../lib/gcc/avr/4.1.2/../../../../avr/lib/avr6\libc.a(memcpy_P.o)
 .bss           0x008011f7        0x0 c:/winavr-20070525/bin/../lib/gcc/avr/4.1.2/../../../../avr/lib/avr6\libc.a(strcpy_P.o)
 .bss           0x008011f7        0x0 c:/winavr-20070525/bin/../lib/gcc/avr/4.1.2/../../../../avr/lib/avr6\libc.a(strlen_P.o)
 .bss           0x008011f7        0x0 c:/winavr-20070525/bin/../lib/gcc/avr/4.1.2/../../../../avr/lib/avr6\libc.a(memchr.o)
 .bss           0x008011f7        0x0 c:/winavr-20070525/bin/../lib/gcc/avr/4.1.2/../../../../avr/lib/avr6\libc.a(memcmp.o)
 .bss           0x008011f7        0x0 c:/winavr-20070525/bin/../lib/gcc/avr/4.1.2/../../../../avr/lib/avr6\libc.a(memcpy.o)
 .bss           0x008011f7        0x0 c:/winavr-20070525/bin/../lib/gcc/avr/4.1.2/../../../../avr/lib/avr6\libc.a(memset.o)
 .bss           0x008011f7        0x0 c:/winavr-20070525/bin/../lib/gcc/avr/4.1.2/../../../../avr/lib/avr6\libc.a(strchr.o)
 .bss           0x008011f7        0x0 c:/winavr-20070525/bin/../lib/gcc/avr/4.1.2/../../../../avr/lib/avr6\libc.a(strcmp.o)
 .bss           0x008011f7        0x0 c:/winavr-20070525/bin/../lib/gcc/avr/4.1.2/../../../../avr/lib/avr6\libc.a(strcpy.o)
 .bss           0x008011f7        0x0 c:/winavr-20070525/bin/../lib/gcc/avr/4.1.2/../../../../avr/lib/avr6\libc.a(strncmp.o)
 .bss           0x008011f7        0x0 c:/winavr-20070525/bin/../lib/gcc/avr/4.1.2/../../../../avr/lib/avr6\libc.a(mulsi10.o)
 .bss           0x008011f7        0x0 c:/winavr-20070525/bin/../lib/gcc/avr/4.1.2/../../../../avr/lib/avr6\libc.a(ee_rb.1F2021.o)
 .bss           0x008011f7        0x0 c:/winavr-20070525/bin/../lib/gcc/avr/4.1.2/../../../../avr/lib/avr6\libc.a(ee_wb.1F2021.o)
 .bss           0x008011f7        0x0 c:/winavr-20070525/bin/../lib/gcc/avr/4.1.2/../../../../avr/lib/avr6\libc.a(isalpha.o)
 .bss           0x008011f7        0x0 c:/winavr-20070525/bin/../lib/gcc/avr/4.1.2/../../../../avr/lib/avr6\libc.a(cty_isfalse.o)
 *(.bss*)
 *(COMMON)
 COMMON         0x008011f7       0x7b ./source/main.o
                0x008011f7                stateMenu
                0x008011f9                isSynchronizedTimer
                0x008011fb                fp
                0x008011fd                IMCconfig
                0x00801238                audioMenu
                0x0080123a                alarm2
                0x00801256                alarm1
 COMMON         0x00801272        0x2 ./source/menu.o
                0x00801272                scrollMenuIndex
 COMMON         0x00801274        0x2 ./source/ntp.o
                0x00801274                ntp_datetime
 COMMON         0x00801276        0x2 ./source/alarm.o
                0x00801276                threeTimes
 COMMON         0x00801278       0x54 ./source/dateTime.o
                0x00801278                str_date
                0x008012a0                hour_Old
                0x008012a2                str_time
                0x008012ca                min_Old
 COMMON         0x008012cc       0x40 c:/ethernut-4.3.3/build/gcc/atmega2561/lib/nutinit.o
                0x008012cc                nutmem_onchip
 COMMON         0x0080130c        0x2 c:/ethernut-4.3.3/build/gcc/atmega2561/lib\libnutnet.a(udpsock.o)
                0x0080130c                udpSocketList
 COMMON         0x0080130e        0x2 c:/ethernut-4.3.3/build/gcc/atmega2561/lib\libnutnet.a(route.o)
                0x0080130e                rteList
 COMMON         0x00801310        0x1 c:/ethernut-4.3.3/build/gcc/atmega2561/lib\libnutnet.a(ifconfig.o)
                0x00801310                ppp_hackup
 COMMON         0x00801311       0x20 c:/ethernut-4.3.3/build/gcc/atmega2561/lib\libnutnet.a(confnet.o)
                0x00801311                confnet
 COMMON         0x00801331        0x4 c:/ethernut-4.3.3/build/gcc/atmega2561/lib\libnutnet.a(tcpsm.o)
                0x00801331                tcp_in_nbq
                0x00801333                tcp_in_rdy
 COMMON         0x00801335        0x2 c:/ethernut-4.3.3/build/gcc/atmega2561/lib\libnutos.a(heap.o)
                0x00801335                heapFreeList
 COMMON         0x00801337        0x8 c:/ethernut-4.3.3/build/gcc/atmega2561/lib\libnutos.a(thread.o)
                0x00801337                nutThreadList
                0x00801339                runQueue
                0x0080133b                runningThread
                0x0080133d                killedThread
 COMMON         0x0080133f        0xa c:/ethernut-4.3.3/build/gcc/atmega2561/lib\libnutos.a(timer.o)
                0x0080133f                nut_delay_loops
                0x00801343                nutTimerList
                0x00801345                nut_ticks
 COMMON         0x00801349       0x13 c:/ethernut-4.3.3/build/gcc/atmega2561/lib\libnutos.a(confos.o)
                0x00801349                confos
 COMMON         0x0080135c        0x8 c:/ethernut-4.3.3/build/gcc/atmega2561/lib\libnutarch.a(twif.o)
                0x0080135c                tw_mm_mutex
                0x0080135e                tw_mm_que
                0x00801360                tw_sr_que
                0x00801362                tw_st_que
 COMMON         0x00801364        0x2 c:/ethernut-4.3.3/build/gcc/atmega2561/lib\libnutcrt.a(errno.o)
                0x00801364                errno
 COMMON         0x00801366       0x12 c:/ethernut-4.3.3/build/gcc/atmega2561/lib\libnutcrt.a(gmtime.o)
                0x00801366                _tb
                0x00801378                PROVIDE (__bss_end, .)
                0x00013b94                __data_load_start = LOADADDR (.data)
                0x000147dc                __data_load_end = (__data_load_start + SIZEOF (.data))

.noinit         0x00801378        0x0
                0x00801378                PROVIDE (__noinit_start, .)
 *(.noinit*)
                0x00801378                PROVIDE (__noinit_end, .)
                0x00801378                _end = .
                0x00801378                PROVIDE (__heap_start, .)

.eeprom         0x00810000        0x0
 *(.eeprom*)
                0x00810000                __eeprom_end = .

.stab           0x00000000      0x414
 *(.stab)
 .stab          0x00000000      0x414 c:/winavr-20070525/bin/../lib/gcc/avr/4.1.2/../../../../avr/lib/avr6/crtm2561.o

.stabstr        0x00000000       0x71
 *(.stabstr)
 .stabstr       0x00000000       0x71 c:/winavr-20070525/bin/../lib/gcc/avr/4.1.2/../../../../avr/lib/avr6/crtm2561.o

.stab.excl
 *(.stab.excl)

.stab.exclstr
 *(.stab.exclstr)

.stab.index
 *(.stab.index)

.stab.indexstr
 *(.stab.indexstr)

.comment
 *(.comment)

.debug
 *(.debug)

.line
 *(.line)

.debug_srcinfo
 *(.debug_srcinfo)

.debug_sfnames
 *(.debug_sfnames)

.debug_aranges
 *(.debug_aranges)

.debug_pubnames
 *(.debug_pubnames)

.debug_info
 *(.debug_info)
 *(.gnu.linkonce.wi.*)

.debug_abbrev
 *(.debug_abbrev)

.debug_line
 *(.debug_line)

.debug_frame
 *(.debug_frame)

.debug_str
 *(.debug_str)

.debug_loc
 *(.debug_loc)

.debug_macinfo
 *(.debug_macinfo)
OUTPUT(ipac.elf elf32-avr)
LOAD linker stubs

Cross Reference Table

Symbol                                            File
AlarmBeep                                         ./source/main.o
AlarmCheckerThread                                ./source/main.o
At45dbChipErase                                   ./source/flash.o
At45dbGetStatus                                   ./source/flash.o
At45dbInit                                        ./source/flash.o
                                                  ./source/main.o
At45dbPageErase                                   ./source/flash.o
At45dbPageRead                                    ./source/flash.o
At45dbPageWrite                                   ./source/flash.o
At45dbSendCmd                                     ./source/flash.o
At45dbWaitReady                                   ./source/flash.o
ButtonHandlerThread                               ./source/main.o
CallHandler                                       c:/ethernut-4.3.3/build/gcc/atmega2561/lib\libnutdev.a(ihndlr.o)
                                                  c:/ethernut-4.3.3/build/gcc/atmega2561/lib\libnutarch.a(ih_int5.o)
                                                  c:/ethernut-4.3.3/build/gcc/atmega2561/lib\libnutarch.a(ih_usart1_tx.o)
                                                  c:/ethernut-4.3.3/build/gcc/atmega2561/lib\libnutarch.a(ih_usart1_rx.o)
                                                  c:/ethernut-4.3.3/build/gcc/atmega2561/lib\libnutarch.a(ih_usart0_tx.o)
                                                  c:/ethernut-4.3.3/build/gcc/atmega2561/lib\libnutarch.a(ih_usart0_rx.o)
                                                  c:/ethernut-4.3.3/build/gcc/atmega2561/lib\libnutarch.a(ih_twi.o)
                                                  c:/ethernut-4.3.3/build/gcc/atmega2561/lib\libnutarch.a(ih_timer2_comp.o)
                                                  c:/ethernut-4.3.3/build/gcc/atmega2561/lib\libnutarch.a(ih_timer0_ovf.o)
                                                  c:/ethernut-4.3.3/build/gcc/atmega2561/lib\libnutarch.a(ih_int6.o)
                                                  c:/ethernut-4.3.3/build/gcc/atmega2561/lib\libnutarch.a(ih_int4.o)
CardCheckCard                                     ./source/mmc.o
                                                  ./source/main.o
CardCheckPresent                                  ./source/mmc.o
CardClose                                         ./source/mmc.o
CardInit                                          ./source/mmc.o
                                                  ./source/main.o
CardInitCard                                      ./source/mmc.o
CardPresent                                       ./source/mmc.o
CardStatus                                        ./source/mmc.o
CheckAlarm1                                       ./source/alarm.o
                                                  ./source/main.o
CheckAlarm2                                       ./source/alarm.o
                                                  ./source/main.o
ClearLcd                                          ./source/display.o
ConfigureLan                                      ./source/StreamWork.o
ConnectStation                                    ./source/StreamWork.o
FATFileRead                                       ./source/fat.o
FATFileSize                                       ./source/fat.o
FATFree                                           ./source/fat.o
FATIOCtl                                          ./source/fat.o
FATLock                                           ./source/fat.o
FATRelease                                        ./source/fat.o
                                                  ./source/mmc.o
FATSemaInit                                       ./source/fat.o
GetThreadByName                                   c:/ethernut-4.3.3/build/gcc/atmega2561/lib\libnutos.a(thread.o)
                                                  ./source/mmc.o
HexDump                                           ./source/log.o
IMCconfig                                         ./source/alarmMenu.o
                                                  ./source/StreamWork.o
                                                  ./source/dateTime.o
                                                  ./source/alarm.o
                                                  ./source/EEPROMHandler.o
                                                  ./source/ntp.o
                                                  ./source/menu.o
                                                  ./source/firstsetup.o
                                                  ./source/main.o
IsInLimits                                        c:/ethernut-4.3.3/build/gcc/atmega2561/lib\libnutnet.a(tcputil.o)
                                                  c:/ethernut-4.3.3/build/gcc/atmega2561/lib\libnutnet.a(tcpsm.o)
KbGetKey                                          ./source/keyboard.o
                                                  ./source/main.o
KbInit                                            ./source/keyboard.o
                                                  ./source/main.o
KbInjectKey                                       ./source/keyboard.o
                                                  ./source/mmc.o
KbScan                                            ./source/keyboard.o
                                                  ./source/main.o
KbSetKeyRepeating                                 ./source/keyboard.o
KbWaitForKeyEvent                                 ./source/keyboard.o
LcdBackLight                                      ./source/display.o
                                                  ./source/firstsetup.o
                                                  ./source/lcd.o
                                                  ./source/main.o
LcdChar                                           ./source/display.o
                                                  ./source/lcd.o
LcdLowLevelInit                                   ./source/display.o
                                                  ./source/lcd.o
LcdWriteByte                                      ./source/display.o
                                                  ./source/lcd.o
LedControl                                        ./source/led.o
                                                  ./source/lcd.o
LedGetStatus                                      ./source/led.o
LedInit                                           ./source/led.o
                                                  ./source/main.o
LogChar_P                                         ./source/log.o
LogClose                                          ./source/log.o
LogInit                                           ./source/log.o
                                                  ./source/main.o
LogMsg_P                                          ./source/log.o
                                                  ./source/mmcdrv.o
                                                  ./source/spidrv.o
                                                  ./source/mmc.o
                                                  ./source/main.o
LogOpen                                           ./source/log.o
LogSetLevel                                       ./source/log.o
MMCGetSectorSize                                  ./source/mmcdrv.o
                                                  ./source/fat.o
MMCGetTotalSectors                                ./source/mmcdrv.o
                                                  ./source/fat.o
MMCInit                                           ./source/mmcdrv.o
                                                  ./source/fat.o
MMCIsCDROMDevice                                  ./source/mmcdrv.o
                                                  ./source/fat.o
MMCIsZIPDevice                                    ./source/mmcdrv.o
                                                  ./source/fat.o
MMCMountAllDevices                                ./source/mmcdrv.o
                                                  ./source/fat.o
MMCReadSectors                                    ./source/mmcdrv.o
                                                  ./source/fat.o
MMCUnMountDevice                                  ./source/mmcdrv.o
MMCWriteSectors                                   ./source/mmcdrv.o
                                                  ./source/fat.o
NicInit                                           c:/ethernut-4.3.3/build/gcc/atmega2561/lib\libnutarch.a(nicrtl.o)
                                                  c:/ethernut-4.3.3/build/gcc/atmega2561/lib\libnutarch.a(eth0rtl.o)
NicOutput                                         c:/ethernut-4.3.3/build/gcc/atmega2561/lib\libnutarch.a(nicrtl.o)
                                                  c:/ethernut-4.3.3/build/gcc/atmega2561/lib\libnutarch.a(eth0rtl.o)
NicRx                                             c:/ethernut-4.3.3/build/gcc/atmega2561/lib\libnutarch.a(nicrtl.o)
NutAppMain                                        ./source/main.o
                                                  c:/ethernut-4.3.3/build/gcc/atmega2561/lib/nutinit.o
NutArpAllocNetBuf                                 c:/ethernut-4.3.3/build/gcc/atmega2561/lib\libnutnet.a(arpout.o)
                                                  c:/ethernut-4.3.3/build/gcc/atmega2561/lib\libnutnet.a(arpin.o)
                                                  c:/ethernut-4.3.3/build/gcc/atmega2561/lib\libnutnet.a(arpcache.o)
NutArpCacheQuery                                  c:/ethernut-4.3.3/build/gcc/atmega2561/lib\libnutnet.a(arpcache.o)
                                                  c:/ethernut-4.3.3/build/gcc/atmega2561/lib\libnutnet.a(ipout.o)
NutArpCacheUpdate                                 c:/ethernut-4.3.3/build/gcc/atmega2561/lib\libnutnet.a(arpcache.o)
                                                  c:/ethernut-4.3.3/build/gcc/atmega2561/lib\libnutnet.a(arpin.o)
NutArpInput                                       c:/ethernut-4.3.3/build/gcc/atmega2561/lib\libnutnet.a(arpin.o)